Archive member included to satisfy reference by file (symbol)

/usr/lib/gcc/arm-none-eabi/13.2.1/../../../arm-none-eabi/lib/thumb/v7e-m+fp/hard/libc_nano.a(libc_a-init.o)
                              /usr/lib/gcc/arm-none-eabi/13.2.1/../../../arm-none-eabi/lib/thumb/v7e-m+fp/hard/crt0.o (__libc_init_array)
/usr/lib/gcc/arm-none-eabi/13.2.1/../../../arm-none-eabi/lib/thumb/v7e-m+fp/hard/libc_nano.a(libc_a-memset.o)
                              /usr/lib/gcc/arm-none-eabi/13.2.1/../../../arm-none-eabi/lib/thumb/v7e-m+fp/hard/crt0.o (memset)
/usr/lib/gcc/arm-none-eabi/13.2.1/../../../arm-none-eabi/lib/thumb/v7e-m+fp/hard/libc_nano.a(libc_a-errno.o)
                              build/sysmem.o (__errno)
/usr/lib/gcc/arm-none-eabi/13.2.1/../../../arm-none-eabi/lib/thumb/v7e-m+fp/hard/libc_nano.a(libc_a-memcpy.o)
                              build/queue.o (memcpy)
/usr/lib/gcc/arm-none-eabi/13.2.1/../../../arm-none-eabi/lib/thumb/v7e-m+fp/hard/libc_nano.a(libc_a-exit.o)
                              /usr/lib/gcc/arm-none-eabi/13.2.1/../../../arm-none-eabi/lib/thumb/v7e-m+fp/hard/crt0.o (exit)
/usr/lib/gcc/arm-none-eabi/13.2.1/../../../arm-none-eabi/lib/thumb/v7e-m+fp/hard/libc_nano.a(libc_a-atexit.o)
                              /usr/lib/gcc/arm-none-eabi/13.2.1/../../../arm-none-eabi/lib/thumb/v7e-m+fp/hard/crt0.o (atexit)
/usr/lib/gcc/arm-none-eabi/13.2.1/../../../arm-none-eabi/lib/thumb/v7e-m+fp/hard/libc_nano.a(libc_a-fini.o)
                              /usr/lib/gcc/arm-none-eabi/13.2.1/../../../arm-none-eabi/lib/thumb/v7e-m+fp/hard/crt0.o (__libc_fini_array)
/usr/lib/gcc/arm-none-eabi/13.2.1/../../../arm-none-eabi/lib/thumb/v7e-m+fp/hard/libc_nano.a(libc_a-impure.o)
                              /usr/lib/gcc/arm-none-eabi/13.2.1/../../../arm-none-eabi/lib/thumb/v7e-m+fp/hard/libc_nano.a(libc_a-errno.o) (_impure_ptr)
/usr/lib/gcc/arm-none-eabi/13.2.1/../../../arm-none-eabi/lib/thumb/v7e-m+fp/hard/libc_nano.a(libc_a-findfp.o)
                              /usr/lib/gcc/arm-none-eabi/13.2.1/../../../arm-none-eabi/lib/thumb/v7e-m+fp/hard/libc_nano.a(libc_a-exit.o) (__stdio_exit_handler)
/usr/lib/gcc/arm-none-eabi/13.2.1/../../../arm-none-eabi/lib/thumb/v7e-m+fp/hard/libc_nano.a(libc_a-fflush.o)
                              /usr/lib/gcc/arm-none-eabi/13.2.1/../../../arm-none-eabi/lib/thumb/v7e-m+fp/hard/libc_nano.a(libc_a-findfp.o) (_fflush_r)
/usr/lib/gcc/arm-none-eabi/13.2.1/../../../arm-none-eabi/lib/thumb/v7e-m+fp/hard/libc_nano.a(libc_a-mallocr.o)
                              /usr/lib/gcc/arm-none-eabi/13.2.1/../../../arm-none-eabi/lib/thumb/v7e-m+fp/hard/libc_nano.a(libc_a-findfp.o) (_malloc_r)
/usr/lib/gcc/arm-none-eabi/13.2.1/../../../arm-none-eabi/lib/thumb/v7e-m+fp/hard/libc_nano.a(libc_a-freer.o)
                              /usr/lib/gcc/arm-none-eabi/13.2.1/../../../arm-none-eabi/lib/thumb/v7e-m+fp/hard/libc_nano.a(libc_a-fflush.o) (_free_r)
/usr/lib/gcc/arm-none-eabi/13.2.1/../../../arm-none-eabi/lib/thumb/v7e-m+fp/hard/libc_nano.a(libc_a-fwalk.o)
                              /usr/lib/gcc/arm-none-eabi/13.2.1/../../../arm-none-eabi/lib/thumb/v7e-m+fp/hard/libc_nano.a(libc_a-findfp.o) (_fwalk_sglue)
/usr/lib/gcc/arm-none-eabi/13.2.1/../../../arm-none-eabi/lib/thumb/v7e-m+fp/hard/libc_nano.a(libc_a-__atexit.o)
                              /usr/lib/gcc/arm-none-eabi/13.2.1/../../../arm-none-eabi/lib/thumb/v7e-m+fp/hard/libc_nano.a(libc_a-atexit.o) (__register_exitproc)
/usr/lib/gcc/arm-none-eabi/13.2.1/../../../arm-none-eabi/lib/thumb/v7e-m+fp/hard/libc_nano.a(libc_a-mlock.o)
                              /usr/lib/gcc/arm-none-eabi/13.2.1/../../../arm-none-eabi/lib/thumb/v7e-m+fp/hard/libc_nano.a(libc_a-mallocr.o) (__malloc_lock)
/usr/lib/gcc/arm-none-eabi/13.2.1/../../../arm-none-eabi/lib/thumb/v7e-m+fp/hard/libc_nano.a(libc_a-sbrkr.o)
                              /usr/lib/gcc/arm-none-eabi/13.2.1/../../../arm-none-eabi/lib/thumb/v7e-m+fp/hard/libc_nano.a(libc_a-mallocr.o) (_sbrk_r)
/usr/lib/gcc/arm-none-eabi/13.2.1/../../../arm-none-eabi/lib/thumb/v7e-m+fp/hard/libc_nano.a(libc_a-stdio.o)
                              /usr/lib/gcc/arm-none-eabi/13.2.1/../../../arm-none-eabi/lib/thumb/v7e-m+fp/hard/libc_nano.a(libc_a-findfp.o) (__sread)
/usr/lib/gcc/arm-none-eabi/13.2.1/../../../arm-none-eabi/lib/thumb/v7e-m+fp/hard/libc_nano.a(libc_a-closer.o)
                              /usr/lib/gcc/arm-none-eabi/13.2.1/../../../arm-none-eabi/lib/thumb/v7e-m+fp/hard/libc_nano.a(libc_a-stdio.o) (_close_r)
/usr/lib/gcc/arm-none-eabi/13.2.1/../../../arm-none-eabi/lib/thumb/v7e-m+fp/hard/libc_nano.a(libc_a-__call_atexit.o)
                              /usr/lib/gcc/arm-none-eabi/13.2.1/../../../arm-none-eabi/lib/thumb/v7e-m+fp/hard/libc_nano.a(libc_a-__atexit.o) (__call_exitprocs)
/usr/lib/gcc/arm-none-eabi/13.2.1/../../../arm-none-eabi/lib/thumb/v7e-m+fp/hard/libc_nano.a(libc_a-readr.o)
[...]
Memory Configuration

Name             Origin             Length             Attributes
RAM              0x20000000         0x00020000         xrw
CCMRAM           0x10000000         0x00010000         xrw
FLASH            0x08000000         0x00080000         xr
*default*        0x00000000         0xffffffff

Linker script and memory map

LOAD /usr/lib/gcc/arm-none-eabi/13.2.1/thumb/v7e-m+fp/hard/crti.o
LOAD /usr/lib/gcc/arm-none-eabi/13.2.1/thumb/v7e-m+fp/hard/crtbegin.o
LOAD /usr/lib/gcc/arm-none-eabi/13.2.1/../../../arm-none-eabi/lib/thumb/v7e-m+fp/hard/crt0.o
LOAD build/main.o
LOAD build/stm32f4xx_it.o
LOAD build/stm32f4xx_hal_msp.o
LOAD build/stm32f4xx_hal_rcc.o
LOAD build/stm32f4xx_hal_rcc_ex.o
LOAD build/stm32f4xx_hal_flash.o
LOAD build/stm32f4xx_hal_flash_ex.o
LOAD build/stm32f4xx_hal_flash_ramfunc.o
LOAD build/stm32f4xx_hal_gpio.o
LOAD build/stm32f4xx_hal_dma_ex.o
LOAD build/stm32f4xx_hal_dma.o
LOAD build/stm32f4xx_hal_pwr.o
LOAD build/stm32f4xx_hal_pwr_ex.o
LOAD build/stm32f4xx_hal_cortex.o
LOAD build/stm32f4xx_hal.o
LOAD build/stm32f4xx_hal_exti.o
LOAD build/system_stm32f4xx.o
LOAD build/sysmem.o
LOAD build/syscalls.o
LOAD build/gpio.o
LOAD build/freertos.o
LOAD build/usart.o
LOAD build/stm32f4xx_hal_timebase_tim.o
LOAD build/stm32f4xx_hal_tim.o
LOAD build/stm32f4xx_hal_tim_ex.o
LOAD build/croutine.o
LOAD build/event_groups.o
LOAD build/list.o
LOAD build/queue.o
LOAD build/stream_buffer.o
LOAD build/tasks.o
LOAD build/timers.o
LOAD build/cmsis_os2.o
LOAD build/heap_4.o
LOAD build/port.o
LOAD build/stm32f4xx_hal_uart.o
LOAD build/startup_stm32f407xx.o
LOAD /usr/lib/gcc/arm-none-eabi/13.2.1/../../../arm-none-eabi/lib/thumb/v7e-m+fp/hard/libc_nano.a
LOAD /usr/lib/gcc/arm-none-eabi/13.2.1/../../../arm-none-eabi/lib/thumb/v7e-m+fp/hard/libm.a
LOAD /usr/lib/gcc/arm-none-eabi/13.2.1/../../../arm-none-eabi/lib/thumb/v7e-m+fp/hard/libnosys.a
START GROUP
LOAD /usr/lib/gcc/arm-none-eabi/13.2.1/thumb/v7e-m+fp/hard/libgcc.a
LOAD /usr/lib/gcc/arm-none-eabi/13.2.1/../../../arm-none-eabi/lib/thumb/v7e-m+fp/hard/libc_nano.a
END GROUP
START GROUP
LOAD /usr/lib/gcc/arm-none-eabi/13.2.1/thumb/v7e-m+fp/hard/libgcc.a
LOAD /usr/lib/gcc/arm-none-eabi/13.2.1/../../../arm-none-eabi/lib/thumb/v7e-m+fp/hard/libc_nano.a
END GROUP
LOAD /usr/lib/gcc/arm-none-eabi/13.2.1/thumb/v7e-m+fp/hard/crtend.o
LOAD /usr/lib/gcc/arm-none-eabi/13.2.1/thumb/v7e-m+fp/hard/crtn.o
                0x20020000                        _estack = (ORIGIN (RAM) + LENGTH (RAM))
                0x00000200                        _Min_Heap_Size = 0x200
                0x00000400                        _Min_Stack_Size = 0x400

.isr_vector     0x08000000      0x188
                0x08000000                        . = ALIGN (0x4)
 *(.isr_vector)
 .isr_vector    0x08000000      0x188 build/startup_stm32f407xx.o
                0x08000000                g_pfnVectors
                0x08000188                        . = ALIGN (0x4)

.text           0x08000190     0x3a1c
                0x08000190                        . = ALIGN (0x4)
 *(.text)
 .text          0x08000190       0x88 /usr/lib/gcc/arm-none-eabi/13.2.1/thumb/v7e-m+fp/hard/crtbegin.o
 .text          0x08000218       0x50 /usr/lib/gcc/arm-none-eabi/13.2.1/../../../arm-none-eabi/lib/thumb/v7e-m+fp/hard/libc_nano.a(libc_a-init.o)
                0x08000218                __libc_init_array
 .text          0x08000268       0xa4 /usr/lib/gcc/arm-none-eabi/13.2.1/../../../arm-none-eabi/lib/thumb/v7e-m+fp/hard/libc_nano.a(libc_a-memset.o)
                0x08000268                memset
 .text          0x0800030c      0x134 /usr/lib/gcc/arm-none-eabi/13.2.1/../../../arm-none-eabi/lib/thumb/v7e-m+fp/hard/libc_nano.a(libc_a-memcpy.o)
                0x0800030c                memcpy
 .text          0x08000440       0x30 /usr/lib/gcc/arm-none-eabi/13.2.1/thumb/v7e-m+fp/hard/libgcc.a(_aeabi_uldivmod.o)
                0x08000440                __aeabi_uldivmod
 .text          0x08000470      0x2bc /usr/lib/gcc/arm-none-eabi/13.2.1/thumb/v7e-m+fp/hard/libgcc.a(_udivmoddi4.o)
                0x08000470                __udivmoddi4
 .text          0x0800072c        0x4 /usr/lib/gcc/arm-none-eabi/13.2.1/thumb/v7e-m+fp/hard/libgcc.a(_dvmd_tls.o)
                0x0800072c                __aeabi_ldiv0
                0x0800072c                __aeabi_idiv0
 *(.text*)
 .text.HAL_TIM_PeriodElapsedCallback
                0x08000730       0x18 build/main.o
                0x08000730                HAL_TIM_PeriodElapsedCallback
 .text.Error_Handler
                0x08000748        0x4 build/main.o
                0x08000748                Error_Handler
 .text.SystemClock_Config
                0x0800074c       0xa4 build/main.o
                0x0800074c                SystemClock_Config
 .text.main     0x080007f0       0x24 build/main.o
                0x080007f0                main
 .text.NMI_Handler
                0x08000814        0x2 build/stm32f4xx_it.o
                0x08000814                NMI_Handler
 .text.HardFault_Handler
                0x08000816        0x2 build/stm32f4xx_it.o
                0x08000816                HardFault_Handler
 .text.MemManage_Handler
                0x08000818        0x2 build/stm32f4xx_it.o
                0x08000818                MemManage_Handler
 .text.BusFault_Handler
                0x0800081a        0x2 build/stm32f4xx_it.o
                0x0800081a                BusFault_Handler
 .text.UsageFault_Handler
                0x0800081c        0x2 build/stm32f4xx_it.o
                0x0800081c                UsageFault_Handler
 .text.DebugMon_Handler
                0x0800081e        0x2 build/stm32f4xx_it.o
                0x0800081e                DebugMon_Handler
 .text.EXTI3_IRQHandler
                0x08000820        0xa build/stm32f4xx_it.o
                0x08000820                EXTI3_IRQHandler
 .text.EXTI4_IRQHandler
                0x0800082a        0xa build/stm32f4xx_it.o
                0x0800082a                EXTI4_IRQHandler
 .text.USART1_IRQHandler
                0x08000834       0x10 build/stm32f4xx_it.o
                0x08000834                USART1_IRQHandler
 .text.TIM6_DAC_IRQHandler
                0x08000844       0x10 build/stm32f4xx_it.o
                0x08000844                TIM6_DAC_IRQHandler
 .text.HAL_MspInit
                0x08000854       0x44 build/stm32f4xx_hal_msp.o
                0x08000854                HAL_MspInit
 .text.HAL_RCC_OscConfig
                0x08000898      0x3f8 build/stm32f4xx_hal_rcc.o
                0x08000898                HAL_RCC_OscConfig
 .text.HAL_RCC_GetSysClockFreq
                0x08000c90       0xa8 build/stm32f4xx_hal_rcc.o
                0x08000c90                HAL_RCC_GetSysClockFreq
 .text.HAL_RCC_ClockConfig
                0x08000d38      0x160 build/stm32f4xx_hal_rcc.o
                0x08000d38                HAL_RCC_ClockConfig
 .text.HAL_RCC_GetHCLKFreq
                0x08000e98        0xc build/stm32f4xx_hal_rcc.o
                0x08000e98                HAL_RCC_GetHCLKFreq
 .text.HAL_RCC_GetPCLK1Freq
                0x08000ea4       0x20 build/stm32f4xx_hal_rcc.o
                0x08000ea4                HAL_RCC_GetPCLK1Freq
 .text.HAL_RCC_GetPCLK2Freq
                0x08000ec4       0x20 build/stm32f4xx_hal_rcc.o
                0x08000ec4                HAL_RCC_GetPCLK2Freq
 .text.HAL_RCC_GetClockConfig
                0x08000ee4       0x3c build/stm32f4xx_hal_rcc.o
                0x08000ee4                HAL_RCC_GetClockConfig
 .text.HAL_GPIO_Init
                0x08000f20      0x1ec build/stm32f4xx_hal_gpio.o
                0x08000f20                HAL_GPIO_Init
 .text.HAL_GPIO_WritePin
                0x0800110c        0xc build/stm32f4xx_hal_gpio.o
                0x0800110c                HAL_GPIO_WritePin
 .text.HAL_GPIO_EXTI_Callback
                0x08001118        0x2 build/stm32f4xx_hal_gpio.o
                0x08001118                HAL_GPIO_EXTI_Callback
 *fill*         0x0800111a        0x2 
 .text.HAL_GPIO_EXTI_IRQHandler
                0x0800111c       0x1c build/stm32f4xx_hal_gpio.o
                0x0800111c                HAL_GPIO_EXTI_IRQHandler
 .text.HAL_DMA_Abort
                0x08001138       0x94 build/stm32f4xx_hal_dma.o
                0x08001138                HAL_DMA_Abort
 .text.HAL_DMA_Abort_IT
                0x080011cc       0x26 build/stm32f4xx_hal_dma.o
                0x080011cc                HAL_DMA_Abort_IT
 *fill*         0x080011f2        0x2 
 .text.__NVIC_EnableIRQ
                0x080011f4       0x1c build/stm32f4xx_hal_cortex.o
 .text.__NVIC_SetPriority
                0x08001210       0x28 build/stm32f4xx_hal_cortex.o
 .text.NVIC_EncodePriority
                0x08001238       0x3e build/stm32f4xx_hal_cortex.o
 *fill*         0x08001276        0x2 
 .text.HAL_NVIC_SetPriorityGrouping
                0x08001278       0x24 build/stm32f4xx_hal_cortex.o
                0x08001278                HAL_NVIC_SetPriorityGrouping
 .text.HAL_NVIC_SetPriority
                0x0800129c       0x20 build/stm32f4xx_hal_cortex.o
                0x0800129c                HAL_NVIC_SetPriority
 .text.HAL_NVIC_EnableIRQ
                0x080012bc        0x8 build/stm32f4xx_hal_cortex.o
                0x080012bc                HAL_NVIC_EnableIRQ
 .text.HAL_Init
                0x080012c4       0x34 build/stm32f4xx_hal.o
                0x080012c4                HAL_Init
 .text.HAL_IncTick
                0x080012f8       0x18 build/stm32f4xx_hal.o
                0x080012f8                HAL_IncTick
 .text.HAL_GetTick
                0x08001310        0xc build/stm32f4xx_hal.o
                0x08001310                HAL_GetTick
 .text.SystemInit
                0x0800131c       0x14 build/system_stm32f4xx.o
                0x0800131c                SystemInit
 .text.MX_GPIO_Init
                0x08001330       0xa0 build/gpio.o
                0x08001330                MX_GPIO_Init
 .text.StartDefaultTask
                0x080013d0        0xa build/freertos.o
                0x080013d0                StartDefaultTask
 .text.vApplicationStackOverflowHook
                0x080013da        0x2 build/freertos.o
                0x080013da                vApplicationStackOverflowHook
 .text.MX_FREERTOS_Init
                0x080013dc       0x20 build/freertos.o
                0x080013dc                MX_FREERTOS_Init
 .text.MX_USART1_UART_Init
                0x080013fc       0x34 build/usart.o
                0x080013fc                MX_USART1_UART_Init
 .text.HAL_UART_MspInit
                0x08001430       0x80 build/usart.o
                0x08001430                HAL_UART_MspInit
 .text.HAL_InitTick
                0x080014b0       0xa4 build/stm32f4xx_hal_timebase_tim.o
                0x080014b0                HAL_InitTick
 .text.HAL_TIM_Base_MspInit
                0x08001554        0x2 build/stm32f4xx_hal_tim.o
                0x08001554                HAL_TIM_Base_MspInit
 *fill*         0x08001556        0x2 
 .text.HAL_TIM_Base_Start_IT
                0x08001558       0x88 build/stm32f4xx_hal_tim.o
                0x08001558                HAL_TIM_Base_Start_IT
 .text.HAL_TIM_OC_DelayElapsedCallback
                0x080015e0        0x2 build/stm32f4xx_hal_tim.o
                0x080015e0                HAL_TIM_OC_DelayElapsedCallback
 .text.HAL_TIM_IC_CaptureCallback
                0x080015e2        0x2 build/stm32f4xx_hal_tim.o
                0x080015e2                HAL_TIM_IC_CaptureCallback
 .text.HAL_TIM_PWM_PulseFinishedCallback
                0x080015e4        0x2 build/stm32f4xx_hal_tim.o
                0x080015e4                HAL_TIM_PWM_PulseFinishedCallback
 .text.HAL_TIM_TriggerCallback
                0x080015e6        0x2 build/stm32f4xx_hal_tim.o
                0x080015e6                HAL_TIM_TriggerCallback
 .text.HAL_TIM_IRQHandler
                0x080015e8      0x15e build/stm32f4xx_hal_tim.o
                0x080015e8                HAL_TIM_IRQHandler
 *fill*         0x08001746        0x2 
 .text.TIM_Base_SetConfig
                0x08001748       0xd0 build/stm32f4xx_hal_tim.o
                0x08001748                TIM_Base_SetConfig
 .text.HAL_TIM_Base_Init
                0x08001818       0x58 build/stm32f4xx_hal_tim.o
                0x08001818                HAL_TIM_Base_Init
 .text.HAL_TIMEx_CommutCallback
                0x08001870        0x2 build/stm32f4xx_hal_tim_ex.o
                0x08001870                HAL_TIMEx_CommutCallback
 .text.HAL_TIMEx_BreakCallback
                0x08001872        0x2 build/stm32f4xx_hal_tim_ex.o
                0x08001872                HAL_TIMEx_BreakCallback
 .text.vListInitialise
                0x08001874       0x16 build/list.o
                0x08001874                vListInitialise
 .text.vListInitialiseItem
                0x0800188a        0x6 build/list.o
                0x0800188a                vListInitialiseItem
 .text.vListInsertEnd
                0x08001890       0x16 build/list.o
                0x08001890                vListInsertEnd
 .text.vListInsert
                0x080018a6       0x32 build/list.o
                0x080018a6                vListInsert
 .text.uxListRemove
                0x080018d8       0x26 build/list.o
                0x080018d8                uxListRemove
 .text.prvIsQueueFull
                0x080018fe       0x1e build/queue.o
 .text.prvIsQueueEmpty
                0x0800191c       0x1a build/queue.o
 .text.prvCopyDataToQueue
                0x08001936       0x76 build/queue.o
 .text.prvCopyDataFromQueue
                0x080019ac       0x24 build/queue.o
 .text.prvUnlockQueue
                0x080019d0       0x6e build/queue.o
 .text.xQueueGenericReset
                0x08001a3e       0x84 build/queue.o
                0x08001a3e                xQueueGenericReset
 .text.prvInitialiseNewQueue
                0x08001ac2       0x22 build/queue.o
 .text.xQueueGenericCreateStatic
                0x08001ae4       0x94 build/queue.o
                0x08001ae4                xQueueGenericCreateStatic
 .text.xQueueGenericSend
                0x08001b78      0x188 build/queue.o
                0x08001b78                xQueueGenericSend
 .text.xQueueGenericSendFromISR
                0x08001d00       0xce build/queue.o
                0x08001d00                xQueueGenericSendFromISR
 .text.xQueueReceive
                0x08001dce      0x15e build/queue.o
                0x08001dce                xQueueReceive
 .text.vQueueAddToRegistry
                0x08001f2c       0x28 build/queue.o
                0x08001f2c                vQueueAddToRegistry
 .text.vQueueWaitForMessageRestricted
                0x08001f54       0x52 build/queue.o
                0x08001f54                vQueueWaitForMessageRestricted
 *fill*         0x08001fa6        0x2 
 .text.prvResetNextTaskUnblockTime
                0x08001fa8       0x2c build/tasks.o
 .text.prvInitialiseNewTask
                0x08001fd4       0xa2 build/tasks.o
 *fill*         0x08002076        0x2 
 .text.prvInitialiseTaskLists
                0x08002078       0x68 build/tasks.o
 .text.prvAddNewTaskToReadyList
                0x080020e0       0xac build/tasks.o
 .text.prvDeleteTCB
                0x0800218c       0x38 build/tasks.o
 .text.prvCheckTasksWaitingTermination
                0x080021c4       0x4c build/tasks.o
 .text.prvAddCurrentTaskToDelayedList
                0x08002210       0x7c build/tasks.o
 .text.prvIdleTask
                0x0800228c       0x30 build/tasks.o
 .text.xTaskCreateStatic
                0x080022bc       0x76 build/tasks.o
                0x080022bc                xTaskCreateStatic
 .text.xTaskCreate
                0x08002332       0x64 build/tasks.o
                0x08002332                xTaskCreate
 *fill*         0x08002396        0x2 
 .text.vTaskStartScheduler
                0x08002398       0x98 build/tasks.o
                0x08002398                vTaskStartScheduler
 .text.vTaskSuspendAll
                0x08002430       0x10 build/tasks.o
                0x08002430                vTaskSuspendAll
 .text.xTaskGetTickCount
                0x08002440        0xc build/tasks.o
                0x08002440                xTaskGetTickCount
 .text.xTaskIncrementTick
                0x0800244c      0x118 build/tasks.o
                0x0800244c                xTaskIncrementTick
 .text.xTaskResumeAll
                0x08002564       0xf8 build/tasks.o
                0x08002564                xTaskResumeAll
 .text.vTaskDelay
                0x0800265c       0x4c build/tasks.o
                0x0800265c                vTaskDelay
 .text.vTaskSwitchContext
                0x080026a8       0xcc build/tasks.o
                0x080026a8                vTaskSwitchContext
 .text.vTaskPlaceOnEventList
                0x08002774       0x30 build/tasks.o
                0x08002774                vTaskPlaceOnEventList
 .text.vTaskPlaceOnEventListRestricted
                0x080027a4       0x38 build/tasks.o
                0x080027a4                vTaskPlaceOnEventListRestricted
 .text.xTaskRemoveFromEventList
                0x080027dc       0x8c build/tasks.o
                0x080027dc                xTaskRemoveFromEventList
 .text.vTaskInternalSetTimeOutState
                0x08002868       0x18 build/tasks.o
                0x08002868                vTaskInternalSetTimeOutState
 .text.xTaskCheckForTimeOut
                0x08002880       0x84 build/tasks.o
                0x08002880                xTaskCheckForTimeOut
 .text.vTaskMissedYield
                0x08002904        0xc build/tasks.o
                0x08002904                vTaskMissedYield
 .text.xTaskGetSchedulerState
                0x08002910       0x20 build/tasks.o
                0x08002910                xTaskGetSchedulerState
 .text.xTaskPriorityDisinherit
                0x08002930       0x90 build/tasks.o
                0x08002930                xTaskPriorityDisinherit
 .text.prvGetNextExpireTime
                0x080029c0       0x20 build/timers.o
 .text.prvInsertTimerInActiveList
                0x080029e0       0x48 build/timers.o
 .text.prvCheckForValidListAndQueue
                0x08002a28       0x70 build/timers.o
 .text.xTimerCreateTimerTask
                0x08002a98       0x64 build/timers.o
                0x08002a98                xTimerCreateTimerTask
 .text.xTimerGenericCommand
                0x08002afc       0x6c build/timers.o
                0x08002afc                xTimerGenericCommand
 .text.prvSwitchTimerLists
                0x08002b68       0x7c build/timers.o
 .text.prvSampleTimeNow
                0x08002be4       0x2c build/timers.o
 .text.prvProcessExpiredTimer
                0x08002c10       0x6c build/timers.o
 .text.prvProcessTimerOrBlockTask
                0x08002c7c       0x74 build/timers.o
 .text.prvProcessReceivedCommands
                0x08002cf0      0x10c build/timers.o
 .text.prvTimerTask
                0x08002dfc       0x16 build/timers.o
 .text.SysTick_Handler
                0x08002e12       0x18 build/cmsis_os2.o
                0x08002e12                SysTick_Handler
 *fill*         0x08002e2a        0x2 
 .text.osKernelInitialize
                0x08002e2c       0x24 build/cmsis_os2.o
                0x08002e2c                osKernelInitialize
 .text.osKernelStart
                0x08002e50       0x38 build/cmsis_os2.o
                0x08002e50                osKernelStart
 .text.osThreadNew
                0x08002e88       0xbc build/cmsis_os2.o
                0x08002e88                osThreadNew
 .text.osDelay  0x08002f44       0x1c build/cmsis_os2.o
                0x08002f44                osDelay
 .text.vApplicationIdleHook
                0x08002f60        0x2 build/cmsis_os2.o
                0x08002f60                vApplicationIdleHook
 *fill*         0x08002f62        0x2 
 .text.vApplicationGetIdleTaskMemory
                0x08002f64       0x18 build/cmsis_os2.o
                0x08002f64                vApplicationGetIdleTaskMemory
 .text.vApplicationGetTimerTaskMemory
                0x08002f7c       0x18 build/cmsis_os2.o
                0x08002f7c                vApplicationGetTimerTaskMemory
 .text.prvHeapInit
                0x08002f94       0x64 build/heap_4.o
 .text.prvInsertBlockIntoFreeList
                0x08002ff8       0x64 build/heap_4.o
 .text.pvPortMalloc
                0x0800305c      0x104 build/heap_4.o
                0x0800305c                pvPortMalloc
 .text.vPortFree
                0x08003160       0x7c build/heap_4.o
                0x08003160                vPortFree
 .text.prvTaskExitError
                0x080031dc       0x40 build/port.o
 .text.prvPortStartFirstTask
                0x0800321c       0x28 build/port.o
 .text.vPortEnableVFP
                0x08003244       0x14 build/port.o
 .text.pxPortInitialiseStack
                0x08003258       0x2c build/port.o
                0x08003258                pxPortInitialiseStack
 *fill*         0x08003284        0xc 
 .text.SVC_Handler
                0x08003290       0x24 build/port.o
                0x08003290                SVC_Handler
 .text.vPortEnterCritical
                0x080032b4       0x44 build/port.o
                0x080032b4                vPortEnterCritical
 .text.vPortExitCritical
                0x080032f8       0x2c build/port.o
                0x080032f8                vPortExitCritical
 *fill*         0x08003324        0xc 
 .text.PendSV_Handler
                0x08003330       0x64 build/port.o
                0x08003330                PendSV_Handler
 .text.xPortSysTickHandler
                0x08003394       0x2c build/port.o
                0x08003394                xPortSysTickHandler
 .text.vPortSetupTimerInterrupt
                0x080033c0       0x28 build/port.o
                0x080033c0                vPortSetupTimerInterrupt
 .text.xPortStartScheduler
                0x080033e8      0x118 build/port.o
                0x080033e8                xPortStartScheduler
 .text.vPortValidateInterruptPriority
                0x08003500       0x5c build/port.o
                0x08003500                vPortValidateInterruptPriority
 .text.UART_EndRxTransfer
                0x0800355c       0x5c build/stm32f4xx_hal_uart.o
 .text.UART_Transmit_IT
                0x080035b8       0x60 build/stm32f4xx_hal_uart.o
 .text.UART_SetConfig
                0x08003618      0x110 build/stm32f4xx_hal_uart.o
 .text.HAL_UART_Init
                0x08003728       0x60 build/stm32f4xx_hal_uart.o
                0x08003728                HAL_UART_Init
 .text.HAL_UART_TxCpltCallback
                0x08003788        0x2 build/stm32f4xx_hal_uart.o
                0x08003788                HAL_UART_TxCpltCallback
 .text.UART_EndTransmit_IT
                0x0800378a       0x1a build/stm32f4xx_hal_uart.o
 .text.HAL_UART_RxCpltCallback
                0x080037a4        0x2 build/stm32f4xx_hal_uart.o
                0x080037a4                HAL_UART_RxCpltCallback
 .text.HAL_UART_ErrorCallback
                0x080037a6        0x2 build/stm32f4xx_hal_uart.o
                0x080037a6                HAL_UART_ErrorCallback
 .text.UART_DMAAbortOnError
                0x080037a8        0xe build/stm32f4xx_hal_uart.o
 .text.HAL_UARTEx_RxEventCallback
                0x080037b6        0x2 build/stm32f4xx_hal_uart.o
                0x080037b6                HAL_UARTEx_RxEventCallback
 .text.UART_Receive_IT
                0x080037b8       0xe6 build/stm32f4xx_hal_uart.o
 *fill*         0x0800389e        0x2 
 .text.HAL_UART_IRQHandler
                0x080038a0      0x2a0 build/stm32f4xx_hal_uart.o
                0x080038a0                HAL_UART_IRQHandler
 .text.Reset_Handler
                0x08003b40       0x50 build/startup_stm32f407xx.o
                0x08003b40                Reset_Handler
 .text.Default_Handler
                0x08003b90        0x2 build/startup_stm32f407xx.o
                0x08003b90                RTC_Alarm_IRQHandler
                0x08003b90                HASH_RNG_IRQHandler
                0x08003b90                EXTI2_IRQHandler
                0x08003b90                TIM8_CC_IRQHandler
                0x08003b90                TIM1_CC_IRQHandler
                0x08003b90                DMA2_Stream5_IRQHandler
                0x08003b90                DMA1_Stream5_IRQHandler
                0x08003b90                PVD_IRQHandler
                0x08003b90                SDIO_IRQHandler
                0x08003b90                TAMP_STAMP_IRQHandler
                0x08003b90                CAN2_RX1_IRQHandler
                0x08003b90                TIM8_TRG_COM_TIM14_IRQHandler
                0x08003b90                TIM1_UP_TIM10_IRQHandler
                0x08003b90                TIM8_UP_TIM13_IRQHandler
                0x08003b90                I2C3_ER_IRQHandler
                0x08003b90                EXTI0_IRQHandler
                0x08003b90                I2C2_EV_IRQHandler
                0x08003b90                DMA1_Stream2_IRQHandler
                0x08003b90                CAN1_RX0_IRQHandler
                0x08003b90                FPU_IRQHandler
                0x08003b90                OTG_HS_WKUP_IRQHandler
                0x08003b90                CAN2_SCE_IRQHandler
                0x08003b90                DMA2_Stream2_IRQHandler
                0x08003b90                SPI1_IRQHandler
                0x08003b90                TIM1_BRK_TIM9_IRQHandler
                0x08003b90                DCMI_IRQHandler
                0x08003b90                CAN2_RX0_IRQHandler
                0x08003b90                DMA2_Stream3_IRQHandler
                0x08003b90                USART6_IRQHandler
                0x08003b90                USART3_IRQHandler
                0x08003b90                CAN1_RX1_IRQHandler
                0x08003b90                UART5_IRQHandler
                0x08003b90                DMA2_Stream0_IRQHandler
                0x08003b90                TIM4_IRQHandler
                0x08003b90                I2C1_EV_IRQHandler
                0x08003b90                DMA1_Stream6_IRQHandler
                0x08003b90                DMA1_Stream1_IRQHandler
                0x08003b90                UART4_IRQHandler
                0x08003b90                TIM3_IRQHandler
                0x08003b90                RCC_IRQHandler
                0x08003b90                TIM8_BRK_TIM12_IRQHandler
                0x08003b90                Default_Handler
                0x08003b90                EXTI15_10_IRQHandler
                0x08003b90                ADC_IRQHandler
                0x08003b90                DMA1_Stream7_IRQHandler
                0x08003b90                TIM7_IRQHandler
                0x08003b90                CAN2_TX_IRQHandler
                0x08003b90                TIM5_IRQHandler
                0x08003b90                DMA2_Stream7_IRQHandler
                0x08003b90                I2C3_EV_IRQHandler
                0x08003b90                EXTI9_5_IRQHandler
                0x08003b90                RTC_WKUP_IRQHandler
                0x08003b90                ETH_WKUP_IRQHandler
                0x08003b90                SPI2_IRQHandler
                0x08003b90                OTG_HS_EP1_IN_IRQHandler
                0x08003b90                DMA1_Stream0_IRQHandler
                0x08003b90                CAN1_TX_IRQHandler
                0x08003b90                FSMC_IRQHandler
                0x08003b90                ETH_IRQHandler
                0x08003b90                OTG_HS_EP1_OUT_IRQHandler
                0x08003b90                WWDG_IRQHandler
                0x08003b90                TIM2_IRQHandler
                0x08003b90                OTG_FS_WKUP_IRQHandler
                0x08003b90                TIM1_TRG_COM_TIM11_IRQHandler
                0x08003b90                OTG_HS_IRQHandler
                0x08003b90                EXTI1_IRQHandler
                0x08003b90                USART2_IRQHandler
                0x08003b90                I2C2_ER_IRQHandler
                0x08003b90                DMA2_Stream1_IRQHandler
                0x08003b90                CAN1_SCE_IRQHandler
                0x08003b90                FLASH_IRQHandler
                0x08003b90                DMA2_Stream4_IRQHandler
                0x08003b90                OTG_FS_IRQHandler
                0x08003b90                SPI3_IRQHandler
                0x08003b90                DMA1_Stream4_IRQHandler
                0x08003b90                I2C1_ER_IRQHandler
                0x08003b90                DMA2_Stream6_IRQHandler
                0x08003b90                DMA1_Stream3_IRQHandler
 *(.glue_7)
 .glue_7        0x08003b92        0x0 linker stubs
 *(.glue_7t)
 .glue_7t       0x08003b92        0x0 linker stubs
 *(.eh_frame)
 *fill*         0x08003b92        0x2 
 .eh_frame      0x08003b94        0x0 /usr/lib/gcc/arm-none-eabi/13.2.1/thumb/v7e-m+fp/hard/crtbegin.o
 *(.init)
 .init          0x08003b94        0x4 /usr/lib/gcc/arm-none-eabi/13.2.1/thumb/v7e-m+fp/hard/crti.o
                0x08003b94                _init
 .init          0x08003b98        0x8 /usr/lib/gcc/arm-none-eabi/13.2.1/thumb/v7e-m+fp/hard/crtn.o
 *(.fini)
 .fini          0x08003ba0        0x4 /usr/lib/gcc/arm-none-eabi/13.2.1/thumb/v7e-m+fp/hard/crti.o
                0x08003ba0                _fini
 .fini          0x08003ba4        0x8 /usr/lib/gcc/arm-none-eabi/13.2.1/thumb/v7e-m+fp/hard/crtn.o
                0x08003bac                        . = ALIGN (0x4)
                0x08003bac                        _etext = .

.vfp11_veneer   0x08003bac        0x0
 .vfp11_veneer  0x08003bac        0x0 linker stubs

.v4_bx          0x08003bac        0x0
 .v4_bx         0x08003bac        0x0 linker stubs

.iplt           0x08003bac        0x0
 .iplt          0x08003bac        0x0 /usr/lib/gcc/arm-none-eabi/13.2.1/thumb/v7e-m+fp/hard/crtbegin.o

.rodata         0x08003bac       0x60
                0x08003bac                        . = ALIGN (0x4)
 *(.rodata)
 *(.rodata*)
 .rodata.APBPrescTable
                0x08003bac        0x8 build/system_stm32f4xx.o
                0x08003bac                APBPrescTable
 .rodata.AHBPrescTable
                0x08003bb4       0x10 build/system_stm32f4xx.o
                0x08003bb4                AHBPrescTable
 .rodata.str1.4
                0x08003bc4       0x24 build/freertos.o
                                  0xc (size before relaxing)
 .rodata.defaultTask_attributes
                0x08003be8       0x24 build/freertos.o
                0x08003be8                defaultTask_attributes
 .rodata.vTaskStartScheduler.str1.4
                0x08003c0c        0x5 build/tasks.o
 .rodata.prvCheckForValidListAndQueue.str1.4
                0x08003c0c        0x5 build/timers.o
 .rodata.xTimerCreateTimerTask.str1.4
                0x08003c0c        0x8 build/timers.o
                0x08003c14                        . = ALIGN (0x4)

.ARM.extab      0x08003c0c        0x0
                0x08003c0c                        . = ALIGN (0x4)
 *(.ARM.extab* .gnu.linkonce.armextab.*)
                0x08003c0c                        . = ALIGN (0x4)

.ARM            0x08003c0c        0x8
                0x08003c0c                        . = ALIGN (0x4)
                0x08003c0c                        __exidx_start = .
 *(.ARM.exidx*)
 .ARM.exidx     0x08003c0c        0x8 /usr/lib/gcc/arm-none-eabi/13.2.1/../../../arm-none-eabi/lib/thumb/v7e-m+fp/hard/libc_nano.a(libc_a-memcpy.o)
 .ARM.exidx     0x08003c14        0x0 /usr/lib/gcc/arm-none-eabi/13.2.1/thumb/v7e-m+fp/hard/libgcc.a(_udivmoddi4.o)
                                  0x8 (size before relaxing)
                0x08003c14                        __exidx_end = .
                0x08003c14                        . = ALIGN (0x4)

.preinit_array  0x08003c14        0x0
                0x08003c14                        . = ALIGN (0x4)
                0x08003c14                        PROVIDE (__preinit_array_start = .)
 *(.preinit_array*)
                0x08003c14                        PROVIDE (__preinit_array_end = .)
                0x08003c14                        . = ALIGN (0x4)

.init_array     0x08003c14        0x4
                0x08003c14                        . = ALIGN (0x4)
                0x08003c14                        PROVIDE (__init_array_start = .)
 *(SORT_BY_NAME(.init_array.*))
 *(.init_array*)
 .init_array    0x08003c14        0x4 /usr/lib/gcc/arm-none-eabi/13.2.1/thumb/v7e-m+fp/hard/crtbegin.o
                0x08003c18                        PROVIDE (__init_array_end = .)
                0x08003c18                        . = ALIGN (0x4)

.fini_array     0x08003c18        0x4
                0x08003c18                        . = ALIGN (0x4)
                0x08003c18                        PROVIDE (__fini_array_start = .)
 *(SORT_BY_NAME(.fini_array.*))
 *(.fini_array*)
 .fini_array    0x08003c18        0x4 /usr/lib/gcc/arm-none-eabi/13.2.1/thumb/v7e-m+fp/hard/crtbegin.o
                0x08003c1c                        PROVIDE (__fini_array_end = .)
                0x08003c1c                        . = ALIGN (0x4)
                0x08003c1c                        _sidata = LOADADDR (.data)

.rel.dyn        0x08003c1c        0x0
 .rel.iplt      0x08003c1c        0x0 /usr/lib/gcc/arm-none-eabi/13.2.1/thumb/v7e-m+fp/hard/crtbegin.o

.data           0x20000000       0x10 load address 0x08003c1c
                0x20000000                        . = ALIGN (0x4)
                0x20000000                        _sdata = .
 *(.data)
 *(.data*)
 .data.uwTickFreq
                0x20000000        0x1 build/stm32f4xx_hal.o
                0x20000000                uwTickFreq
 *fill*         0x20000001        0x3 
 .data.uwTickPrio
                0x20000004        0x4 build/stm32f4xx_hal.o
                0x20000004                uwTickPrio
 .data.SystemCoreClock
                0x20000008        0x4 build/system_stm32f4xx.o
                0x20000008                SystemCoreClock
 .data.uxCriticalNesting
                0x2000000c        0x4 build/port.o
 *(.RamFunc)
 *(.RamFunc*)
                0x20000010                        . = ALIGN (0x4)
                0x20000010                        _edata = .
                0x08003c2c                        _siccmram = LOADADDR (.ccmram)

.tm_clone_table
                0x20000010        0x0 load address 0x08003c2c
 .tm_clone_table
                0x20000010        0x0 /usr/lib/gcc/arm-none-eabi/13.2.1/thumb/v7e-m+fp/hard/crtbegin.o
 .tm_clone_table
                0x20000010        0x0 /usr/lib/gcc/arm-none-eabi/13.2.1/thumb/v7e-m+fp/hard/crtend.o

.igot.plt       0x20000010        0x0 load address 0x08003c2c
 .igot.plt      0x20000010        0x0 /usr/lib/gcc/arm-none-eabi/13.2.1/thumb/v7e-m+fp/hard/crtbegin.o

.ccmram         0x10000000        0x0 load address 0x08003c2c
                0x10000000                        . = ALIGN (0x4)
                0x10000000                        _sccmram = .
 *(.ccmram)
 *(.ccmram*)
                0x10000000                        . = ALIGN (0x4)
                0x10000000                        _eccmram = .
                0x10000000                        . = ALIGN (0x4)

.bss            0x20000010     0x4a04
                0x20000010                        _sbss = .
                0x20000010                        __bss_start__ = _sbss
 *(.bss)
 .bss           0x20000010       0x1c /usr/lib/gcc/arm-none-eabi/13.2.1/thumb/v7e-m+fp/hard/crtbegin.o
 *(.bss*)
 .bss.uwTick    0x2000002c        0x4 build/stm32f4xx_hal.o
                0x2000002c                uwTick
 .bss.defaultTaskHandle
                0x20000030        0x4 build/freertos.o
                0x20000030                defaultTaskHandle
 .bss.huart1    0x20000034       0x48 build/usart.o
                0x20000034                huart1
 .bss.htim6     0x2000007c       0x48 build/stm32f4xx_hal_timebase_tim.o
                0x2000007c                htim6
 .bss.xQueueRegistry
                0x200000c4       0x40 build/queue.o
                0x200000c4                xQueueRegistry
 .bss.uxSchedulerSuspended
                0x20000104        0x4 build/tasks.o
 .bss.xIdleTaskHandle
                0x20000108        0x4 build/tasks.o
 .bss.xNextTaskUnblockTime
                0x2000010c        0x4 build/tasks.o
 .bss.uxTaskNumber
                0x20000110        0x4 build/tasks.o
 .bss.xNumOfOverflows
                0x20000114        0x4 build/tasks.o
 .bss.xYieldPending
                0x20000118        0x4 build/tasks.o
 .bss.xPendedTicks
                0x2000011c        0x4 build/tasks.o
 .bss.xSchedulerRunning
                0x20000120        0x4 build/tasks.o
 .bss.uxTopReadyPriority
                0x20000124        0x4 build/tasks.o
 .bss.xTickCount
                0x20000128        0x4 build/tasks.o
 .bss.uxCurrentNumberOfTasks
                0x2000012c        0x4 build/tasks.o
 .bss.xSuspendedTaskList
                0x20000130       0x14 build/tasks.o
 .bss.uxDeletedTasksWaitingCleanUp
                0x20000144        0x4 build/tasks.o
 .bss.xTasksWaitingTermination
                0x20000148       0x14 build/tasks.o
 .bss.xPendingReadyList
                0x2000015c       0x14 build/tasks.o
 .bss.pxOverflowDelayedTaskList
                0x20000170        0x4 build/tasks.o
 .bss.pxDelayedTaskList
                0x20000174        0x4 build/tasks.o
 .bss.xDelayedTaskList2
                0x20000178       0x14 build/tasks.o
 .bss.xDelayedTaskList1
                0x2000018c       0x14 build/tasks.o
 .bss.pxReadyTasksLists
                0x200001a0      0x460 build/tasks.o
 .bss.pxCurrentTCB
                0x20000600        0x4 build/tasks.o
                0x20000600                pxCurrentTCB
 .bss.xStaticTimerQueue.0
                0x20000604       0x50 build/timers.o
 .bss.ucStaticTimerQueueStorage.1
                0x20000654       0xa0 build/timers.o
 .bss.xLastTime.2
                0x200006f4        0x4 build/timers.o
 .bss.xTimerTaskHandle
                0x200006f8        0x4 build/timers.o
 .bss.xTimerQueue
                0x200006fc        0x4 build/timers.o
 .bss.pxOverflowTimerList
                0x20000700        0x4 build/timers.o
 .bss.pxCurrentTimerList
                0x20000704        0x4 build/timers.o
 .bss.xActiveTimerList2
                0x20000708       0x14 build/timers.o
 .bss.xActiveTimerList1
                0x2000071c       0x14 build/timers.o
 .bss.Timer_Stack.0
                0x20000730      0x400 build/cmsis_os2.o
 .bss.Timer_TCB.1
                0x20000b30       0x5c build/cmsis_os2.o
 .bss.Idle_Stack.2
                0x20000b8c      0x200 build/cmsis_os2.o
 .bss.Idle_TCB.3
                0x20000d8c       0x5c build/cmsis_os2.o
 .bss.KernelState
                0x20000de8        0x4 build/cmsis_os2.o
 .bss.xBlockAllocatedBit
                0x20000dec        0x4 build/heap_4.o
 .bss.xNumberOfSuccessfulFrees
                0x20000df0        0x4 build/heap_4.o
 .bss.xNumberOfSuccessfulAllocations
                0x20000df4        0x4 build/heap_4.o
 .bss.xMinimumEverFreeBytesRemaining
                0x20000df8        0x4 build/heap_4.o
 .bss.xFreeBytesRemaining
                0x20000dfc        0x4 build/heap_4.o
 .bss.pxEnd     0x20000e00        0x4 build/heap_4.o
 .bss.xStart    0x20000e04        0x8 build/heap_4.o
 .bss.ucHeap    0x20000e0c     0x3c00 build/heap_4.o
 .bss.ulMaxPRIGROUPValue
                0x20004a0c        0x4 build/port.o
 .bss.ucMaxSysCallPriority
                0x20004a10        0x1 build/port.o
 *(COMMON)
                0x20004a14                        . = ALIGN (0x4)
 *fill*         0x20004a11        0x3 
                0x20004a14                        _ebss = .
                0x20004a14                        __bss_end__ = _ebss

._user_heap_stack
                0x20004a14      0x604
                0x20004a18                        . = ALIGN (0x8)
 *fill*         0x20004a14        0x4 
                [!provide]                        PROVIDE (end = .)
                0x20004a18                        PROVIDE (_end = .)
                0x20004c18                        . = (. + _Min_Heap_Size)
 *fill*         0x20004a18      0x200 
                0x20005018                        . = (. + _Min_Stack_Size)
 *fill*         0x20004c18      0x400 
                0x20005018                        . = ALIGN (0x8)

/DISCARD/
 libc.a(*)
 libm.a(*)
 libgcc.a(*)
OUTPUT(build/RTOS_improved_btn_int.elf elf32-littlearm)
LOAD linker stubs
LOAD /usr/lib/gcc/arm-none-eabi/13.2.1/../../../arm-none-eabi/lib/thumb/v7e-m+fp/hard/libc.a
LOAD /usr/lib/gcc/arm-none-eabi/13.2.1/../../../arm-none-eabi/lib/thumb/v7e-m+fp/hard/libm.a
LOAD /usr/lib/gcc/arm-none-eabi/13.2.1/thumb/v7e-m+fp/hard/libgcc.a

.ARM.attributes
                0x00000000       0x30
 .ARM.attributes
                0x00000000       0x22 /usr/lib/gcc/arm-none-eabi/13.2.1/thumb/v7e-m+fp/hard/crti.o
 .ARM.attributes
                0x00000022       0x34 /usr/lib/gcc/arm-none-eabi/13.2.1/thumb/v7e-m+fp/hard/crtbegin.o
 .ARM.attributes
                0x00000056       0x34 build/main.o
 .ARM.attributes
                0x0000008a       0x34 build/stm32f4xx_it.o
 .ARM.attributes
                0x000000be       0x34 build/stm32f4xx_hal_msp.o
 .ARM.attributes
                0x000000f2       0x34 build/stm32f4xx_hal_rcc.o
 .ARM.attributes
                0x00000126       0x34 build/stm32f4xx_hal_gpio.o
 .ARM.attributes
                0x0000015a       0x34 build/stm32f4xx_hal_dma.o
 .ARM.attributes
                0x0000018e       0x34 build/stm32f4xx_hal_cortex.o
 .ARM.attributes
                0x000001c2       0x34 build/stm32f4xx_hal.o
 .ARM.attributes
                0x000001f6       0x34 build/system_stm32f4xx.o
 .ARM.attributes
                0x0000022a       0x34 build/gpio.o
 .ARM.attributes
                0x0000025e       0x34 build/freertos.o
 .ARM.attributes
                0x00000292       0x34 build/usart.o
 .ARM.attributes
                0x000002c6       0x34 build/stm32f4xx_hal_timebase_tim.o
 .ARM.attributes
                0x000002fa       0x34 build/stm32f4xx_hal_tim.o
 .ARM.attributes
                0x0000032e       0x34 build/stm32f4xx_hal_tim_ex.o
 .ARM.attributes
                0x00000362       0x34 build/list.o
 .ARM.attributes
                0x00000396       0x34 build/queue.o
 .ARM.attributes
                0x000003ca       0x34 build/tasks.o
 .ARM.attributes
                0x000003fe       0x34 build/timers.o
 .ARM.attributes
                0x00000432       0x34 build/cmsis_os2.o
 .ARM.attributes
                0x00000466       0x34 build/heap_4.o
 .ARM.attributes
                0x0000049a       0x34 build/port.o
 .ARM.attributes
                0x000004ce       0x34 build/stm32f4xx_hal_uart.o
 .ARM.attributes
                0x00000502       0x21 build/startup_stm32f407xx.o
 .ARM.attributes
                0x00000523       0x34 /usr/lib/gcc/arm-none-eabi/13.2.1/../../../arm-none-eabi/lib/thumb/v7e-m+fp/hard/libc_nano.a(libc_a-init.o)
 .ARM.attributes
                0x00000557       0x34 /usr/lib/gcc/arm-none-eabi/13.2.1/../../../arm-none-eabi/lib/thumb/v7e-m+fp/hard/libc_nano.a(libc_a-memset.o)
 .ARM.attributes
                0x0000058b       0x20 /usr/lib/gcc/arm-none-eabi/13.2.1/../../../arm-none-eabi/lib/thumb/v7e-m+fp/hard/libc_nano.a(libc_a-memcpy.o)
 .ARM.attributes
                0x000005ab       0x22 /usr/lib/gcc/arm-none-eabi/13.2.1/thumb/v7e-m+fp/hard/libgcc.a(_aeabi_uldivmod.o)
 .ARM.attributes
                0x000005cd       0x34 /usr/lib/gcc/arm-none-eabi/13.2.1/thumb/v7e-m+fp/hard/libgcc.a(_udivmoddi4.o)
 .ARM.attributes
                0x00000601       0x22 /usr/lib/gcc/arm-none-eabi/13.2.1/thumb/v7e-m+fp/hard/libgcc.a(_dvmd_tls.o)
 .ARM.attributes
                0x00000623       0x34 /usr/lib/gcc/arm-none-eabi/13.2.1/thumb/v7e-m+fp/hard/crtend.o
 .ARM.attributes
                0x00000657       0x22 /usr/lib/gcc/arm-none-eabi/13.2.1/thumb/v7e-m+fp/hard/crtn.o

.comment        0x00000000       0x26
 .comment       0x00000000       0x26 /usr/lib/gcc/arm-none-eabi/13.2.1/thumb/v7e-m+fp/hard/crtbegin.o
                                 0x27 (size before relaxing)
 .comment       0x00000026       0x27 build/main.o
 .comment       0x00000026       0x27 build/stm32f4xx_it.o
 .comment       0x00000026       0x27 build/stm32f4xx_hal_msp.o
 .comment       0x00000026       0x27 build/stm32f4xx_hal_rcc.o
 .comment       0x00000026       0x27 build/stm32f4xx_hal_gpio.o
 .comment       0x00000026       0x27 build/stm32f4xx_hal_dma.o
 .comment       0x00000026       0x27 build/stm32f4xx_hal_cortex.o
 .comment       0x00000026       0x27 build/stm32f4xx_hal.o
 .comment       0x00000026       0x27 build/system_stm32f4xx.o
 .comment       0x00000026       0x27 build/gpio.o
 .comment       0x00000026       0x27 build/freertos.o
 .comment       0x00000026       0x27 build/usart.o
 .comment       0x00000026       0x27 build/stm32f4xx_hal_timebase_tim.o
 .comment       0x00000026       0x27 build/stm32f4xx_hal_tim.o
 .comment       0x00000026       0x27 build/stm32f4xx_hal_tim_ex.o
 .comment       0x00000026       0x27 build/list.o
 .comment       0x00000026       0x27 build/queue.o
 .comment       0x00000026       0x27 build/tasks.o
 .comment       0x00000026       0x27 build/timers.o
 .comment       0x00000026       0x27 build/cmsis_os2.o
 .comment       0x00000026       0x27 build/heap_4.o
 .comment       0x00000026       0x27 build/port.o
 .comment       0x00000026       0x27 build/stm32f4xx_hal_uart.o
 .comment       0x00000026       0x27 /usr/lib/gcc/arm-none-eabi/13.2.1/../../../arm-none-eabi/lib/thumb/v7e-m+fp/hard/libc_nano.a(libc_a-init.o)
 .comment       0x00000026       0x27 /usr/lib/gcc/arm-none-eabi/13.2.1/../../../arm-none-eabi/lib/thumb/v7e-m+fp/hard/libc_nano.a(libc_a-memset.o)
 .comment       0x00000026       0x27 /usr/lib/gcc/arm-none-eabi/13.2.1/thumb/v7e-m+fp/hard/libgcc.a(_udivmoddi4.o)
 .comment       0x00000026       0x27 /usr/lib/gcc/arm-none-eabi/13.2.1/thumb/v7e-m+fp/hard/crtend.o

.debug_info     0x00000000    0x211f3
 .debug_info    0x00000000      0xd70 build/main.o
 .debug_info    0x00000d70      0xb14 build/stm32f4xx_it.o
 .debug_info    0x00001884      0x54e build/stm32f4xx_hal_msp.o
 .debug_info    0x00001dd2      0xbf0 build/stm32f4xx_hal_rcc.o
 .debug_info    0x000029c2      0x824 build/stm32f4xx_hal_gpio.o
 .debug_info    0x000031e6      0xbb6 build/stm32f4xx_hal_dma.o
 .debug_info    0x00003d9c     0x11bc build/stm32f4xx_hal_cortex.o
 .debug_info    0x00004f58      0xaee build/stm32f4xx_hal.o
 .debug_info    0x00005a46      0x59b build/system_stm32f4xx.o
 .debug_info    0x00005fe1      0x7a5 build/gpio.o
 .debug_info    0x00006786      0x454 build/freertos.o
 .debug_info    0x00006bda      0xdb4 build/usart.o
 .debug_info    0x0000798e      0xdd8 build/stm32f4xx_hal_timebase_tim.o
 .debug_info    0x00008766     0x4188 build/stm32f4xx_hal_tim.o
 .debug_info    0x0000c8ee     0x1d8d build/stm32f4xx_hal_tim_ex.o
 .debug_info    0x0000e67b      0x303 build/list.o
 .debug_info    0x0000e97e     0x2a24 build/queue.o
 .debug_info    0x000113a2     0x341a build/tasks.o
 .debug_info    0x000147bc     0x1d13 build/timers.o
 .debug_info    0x000164cf     0x5409 build/cmsis_os2.o
 .debug_info    0x0001b8d8      0x5f4 build/heap_4.o
 .debug_info    0x0001becc      0x5aa build/port.o
 .debug_info    0x0001c476     0x4385 build/stm32f4xx_hal_uart.o
 .debug_info    0x000207fb       0x30 build/startup_stm32f407xx.o
 .debug_info    0x0002082b      0x10b /usr/lib/gcc/arm-none-eabi/13.2.1/../../../arm-none-eabi/lib/thumb/v7e-m+fp/hard/libc_nano.a(libc_a-init.o)
 .debug_info    0x00020936      0x135 /usr/lib/gcc/arm-none-eabi/13.2.1/../../../arm-none-eabi/lib/thumb/v7e-m+fp/hard/libc_nano.a(libc_a-memset.o)
 .debug_info    0x00020a6b       0x33 /usr/lib/gcc/arm-none-eabi/13.2.1/../../../arm-none-eabi/lib/thumb/v7e-m+fp/hard/libc_nano.a(libc_a-memcpy.o)
 .debug_info    0x00020a9e       0x24 /usr/lib/gcc/arm-none-eabi/13.2.1/thumb/v7e-m+fp/hard/libgcc.a(_aeabi_uldivmod.o)
 .debug_info    0x00020ac2      0x6f5 /usr/lib/gcc/arm-none-eabi/13.2.1/thumb/v7e-m+fp/hard/libgcc.a(_udivmoddi4.o)
 .debug_info    0x000211b7       0x3c /usr/lib/gcc/arm-none-eabi/13.2.1/thumb/v7e-m+fp/hard/libgcc.a(_dvmd_tls.o)

.debug_abbrev   0x00000000     0x4054
 .debug_abbrev  0x00000000      0x275 build/main.o
 .debug_abbrev  0x00000275      0x1b0 build/stm32f4xx_it.o
 .debug_abbrev  0x00000425      0x122 build/stm32f4xx_hal_msp.o
 .debug_abbrev  0x00000547      0x2de build/stm32f4xx_hal_rcc.o
 .debug_abbrev  0x00000825      0x22b build/stm32f4xx_hal_gpio.o
 .debug_abbrev  0x00000a50      0x2fe build/stm32f4xx_hal_dma.o
 .debug_abbrev  0x00000d4e      0x3ca build/stm32f4xx_hal_cortex.o
 .debug_abbrev  0x00001118      0x244 build/stm32f4xx_hal.o
 .debug_abbrev  0x0000135c      0x11b build/system_stm32f4xx.o
 .debug_abbrev  0x00001477      0x17e build/gpio.o
 .debug_abbrev  0x000015f5      0x157 build/freertos.o
 .debug_abbrev  0x0000174c      0x22d build/usart.o
 .debug_abbrev  0x00001979      0x22d build/stm32f4xx_hal_timebase_tim.o
 .debug_abbrev  0x00001ba6      0x2bd build/stm32f4xx_hal_tim.o
 .debug_abbrev  0x00001e63      0x2b7 build/stm32f4xx_hal_tim_ex.o
 .debug_abbrev  0x0000211a      0x124 build/list.o
 .debug_abbrev  0x0000223e      0x431 build/queue.o
 .debug_abbrev  0x0000266f      0x424 build/tasks.o
 .debug_abbrev  0x00002a93      0x3d4 build/timers.o
 .debug_abbrev  0x00002e67      0x5f5 build/cmsis_os2.o
 .debug_abbrev  0x0000345c      0x27a build/heap_4.o
 .debug_abbrev  0x000036d6      0x2af build/port.o
 .debug_abbrev  0x00003985      0x366 build/stm32f4xx_hal_uart.o
 .debug_abbrev  0x00003ceb       0x1d build/startup_stm32f407xx.o
 .debug_abbrev  0x00003d08       0xc9 /usr/lib/gcc/arm-none-eabi/13.2.1/../../../arm-none-eabi/lib/thumb/v7e-m+fp/hard/libc_nano.a(libc_a-init.o)
 .debug_abbrev  0x00003dd1       0xb7 /usr/lib/gcc/arm-none-eabi/13.2.1/../../../arm-none-eabi/lib/thumb/v7e-m+fp/hard/libc_nano.a(libc_a-memset.o)
 .debug_abbrev  0x00003e88       0x28 /usr/lib/gcc/arm-none-eabi/13.2.1/../../../arm-none-eabi/lib/thumb/v7e-m+fp/hard/libc_nano.a(libc_a-memcpy.o)
 .debug_abbrev  0x00003eb0       0x14 /usr/lib/gcc/arm-none-eabi/13.2.1/thumb/v7e-m+fp/hard/libgcc.a(_aeabi_uldivmod.o)
 .debug_abbrev  0x00003ec4      0x16a /usr/lib/gcc/arm-none-eabi/13.2.1/thumb/v7e-m+fp/hard/libgcc.a(_udivmoddi4.o)
 .debug_abbrev  0x0000402e       0x26 /usr/lib/gcc/arm-none-eabi/13.2.1/thumb/v7e-m+fp/hard/libgcc.a(_dvmd_tls.o)

.debug_loc      0x00000000    0x1d23d
 .debug_loc     0x00000000       0xd4 build/main.o
 .debug_loc     0x000000d4       0x80 build/stm32f4xx_it.o
 .debug_loc     0x00000154       0x38 build/stm32f4xx_hal_msp.o
 .debug_loc     0x0000018c      0x720 build/stm32f4xx_hal_rcc.o
 .debug_loc     0x000008ac      0x60b build/stm32f4xx_hal_gpio.o
 .debug_loc     0x00000eb7      0xe9a build/stm32f4xx_hal_dma.o
 .debug_loc     0x00001d51      0x8ff build/stm32f4xx_hal_cortex.o
 .debug_loc     0x00002650      0x1f9 build/stm32f4xx_hal.o
 .debug_loc     0x00002849       0xbd build/system_stm32f4xx.o
 .debug_loc     0x00002906       0x38 build/gpio.o
 .debug_loc     0x0000293e       0x6b build/freertos.o
 .debug_loc     0x000029a9      0x120 build/usart.o
 .debug_loc     0x00002ac9      0x15d build/stm32f4xx_hal_timebase_tim.o
 .debug_loc     0x00002c26     0x6089 build/stm32f4xx_hal_tim.o
 .debug_loc     0x00008caf     0x22d2 build/stm32f4xx_hal_tim_ex.o
 .debug_loc     0x0000af81       0xeb build/list.o
 .debug_loc     0x0000b06c     0x20d9 build/queue.o
 .debug_loc     0x0000d145     0x2c44 build/tasks.o
 .debug_loc     0x0000fd89     0x16fe build/timers.o
 .debug_loc     0x00011487     0x6694 build/cmsis_os2.o
 .debug_loc     0x00017b1b      0x51c build/heap_4.o
 .debug_loc     0x00018037      0x1c6 build/port.o
 .debug_loc     0x000181fd     0x5040 build/stm32f4xx_hal_uart.o

.debug_aranges  0x00000000     0x1530
 .debug_aranges
                0x00000000       0x38 build/main.o
 .debug_aranges
                0x00000038       0x68 build/stm32f4xx_it.o
 .debug_aranges
                0x000000a0       0x20 build/stm32f4xx_hal_msp.o
 .debug_aranges
                0x000000c0       0x88 build/stm32f4xx_hal_rcc.o
 .debug_aranges
                0x00000148       0x58 build/stm32f4xx_hal_gpio.o
 .debug_aranges
                0x000001a0       0x90 build/stm32f4xx_hal_dma.o
 .debug_aranges
                0x00000230       0xf8 build/stm32f4xx_hal_cortex.o
 .debug_aranges
                0x00000328       0xf0 build/stm32f4xx_hal.o
 .debug_aranges
                0x00000418       0x28 build/system_stm32f4xx.o
 .debug_aranges
                0x00000440       0x20 build/gpio.o
 .debug_aranges
                0x00000460       0x30 build/freertos.o
 .debug_aranges
                0x00000490       0x30 build/usart.o
 .debug_aranges
                0x000004c0       0x30 build/stm32f4xx_hal_timebase_tim.o
 .debug_aranges
                0x000004f0      0x3d0 build/stm32f4xx_hal_tim.o
 .debug_aranges
                0x000008c0      0x168 build/stm32f4xx_hal_tim_ex.o
 .debug_aranges
                0x00000a28       0x40 build/list.o
 .debug_aranges
                0x00000a68      0x158 build/queue.o
 .debug_aranges
                0x00000bc0      0x208 build/tasks.o
 .debug_aranges
                0x00000dc8       0xf0 build/timers.o
 .debug_aranges
                0x00000eb8      0x2b0 build/cmsis_os2.o
 .debug_aranges
                0x00001168       0x58 build/heap_4.o
 .debug_aranges
                0x000011c0       0x80 build/port.o
 .debug_aranges
                0x00001240      0x208 build/stm32f4xx_hal_uart.o
 .debug_aranges
                0x00001448       0x28 build/startup_stm32f407xx.o
 .debug_aranges
                0x00001470       0x20 /usr/lib/gcc/arm-none-eabi/13.2.1/../../../arm-none-eabi/lib/thumb/v7e-m+fp/hard/libc_nano.a(libc_a-init.o)
 .debug_aranges
                0x00001490       0x20 /usr/lib/gcc/arm-none-eabi/13.2.1/../../../arm-none-eabi/lib/thumb/v7e-m+fp/hard/libc_nano.a(libc_a-memset.o)
 .debug_aranges
                0x000014b0       0x20 /usr/lib/gcc/arm-none-eabi/13.2.1/../../../arm-none-eabi/lib/thumb/v7e-m+fp/hard/libc_nano.a(libc_a-memcpy.o)
 .debug_aranges
                0x000014d0       0x20 /usr/lib/gcc/arm-none-eabi/13.2.1/thumb/v7e-m+fp/hard/libgcc.a(_aeabi_uldivmod.o)
 .debug_aranges
                0x000014f0       0x20 /usr/lib/gcc/arm-none-eabi/13.2.1/thumb/v7e-m+fp/hard/libgcc.a(_udivmoddi4.o)
 .debug_aranges
                0x00001510       0x20 /usr/lib/gcc/arm-none-eabi/13.2.1/thumb/v7e-m+fp/hard/libgcc.a(_dvmd_tls.o)

.debug_ranges   0x00000000     0x1558
 .debug_ranges  0x00000000       0x28 build/main.o
 .debug_ranges  0x00000028       0x58 build/stm32f4xx_it.o
 .debug_ranges  0x00000080       0x10 build/stm32f4xx_hal_msp.o
 .debug_ranges  0x00000090       0x90 build/stm32f4xx_hal_rcc.o
 .debug_ranges  0x00000120       0x48 build/stm32f4xx_hal_gpio.o
 .debug_ranges  0x00000168       0x80 build/stm32f4xx_hal_dma.o
 .debug_ranges  0x000001e8       0xe8 build/stm32f4xx_hal_cortex.o
 .debug_ranges  0x000002d0       0xe0 build/stm32f4xx_hal.o
 .debug_ranges  0x000003b0       0x18 build/system_stm32f4xx.o
 .debug_ranges  0x000003c8       0x10 build/gpio.o
 .debug_ranges  0x000003d8       0x20 build/freertos.o
 .debug_ranges  0x000003f8       0x20 build/usart.o
 .debug_ranges  0x00000418       0x20 build/stm32f4xx_hal_timebase_tim.o
 .debug_ranges  0x00000438      0x3c0 build/stm32f4xx_hal_tim.o
 .debug_ranges  0x000007f8      0x158 build/stm32f4xx_hal_tim_ex.o
 .debug_ranges  0x00000950       0x30 build/list.o
 .debug_ranges  0x00000980      0x218 build/queue.o
 .debug_ranges  0x00000b98      0x358 build/tasks.o
 .debug_ranges  0x00000ef0       0xe0 build/timers.o
 .debug_ranges  0x00000fd0      0x2a0 build/cmsis_os2.o
 .debug_ranges  0x00001270       0x48 build/heap_4.o
 .debug_ranges  0x000012b8       0x88 build/port.o
 .debug_ranges  0x00001340      0x1f8 build/stm32f4xx_hal_uart.o
 .debug_ranges  0x00001538       0x20 build/startup_stm32f407xx.o

.debug_line     0x00000000    0x164d3
 .debug_line    0x00000000      0x32d build/main.o
 .debug_line    0x0000032d      0x235 build/stm32f4xx_it.o
 .debug_line    0x00000562      0x10d build/stm32f4xx_hal_msp.o
 .debug_line    0x0000066f      0xb38 build/stm32f4xx_hal_rcc.o
 .debug_line    0x000011a7      0x670 build/stm32f4xx_hal_gpio.o
 .debug_line    0x00001817      0xdae build/stm32f4xx_hal_dma.o
 .debug_line    0x000025c5      0x7a5 build/stm32f4xx_hal_cortex.o
 .debug_line    0x00002d6a      0x4e2 build/stm32f4xx_hal.o
 .debug_line    0x0000324c      0x1c9 build/system_stm32f4xx.o
 .debug_line    0x00003415      0x15e build/gpio.o
 .debug_line    0x00003573      0x145 build/freertos.o
 .debug_line    0x000036b8      0x261 build/usart.o
 .debug_line    0x00003919      0x269 build/stm32f4xx_hal_timebase_tim.o
 .debug_line    0x00003b82     0x46da build/stm32f4xx_hal_tim.o
 .debug_line    0x0000825c     0x1a32 build/stm32f4xx_hal_tim_ex.o
 .debug_line    0x00009c8e      0x2d0 build/list.o
 .debug_line    0x00009f5e     0x1be2 build/queue.o
 .debug_line    0x0000bb40     0x26f7 build/tasks.o
 .debug_line    0x0000e237      0xd13 build/timers.o
 .debug_line    0x0000ef4a     0x2b2c build/cmsis_os2.o
 .debug_line    0x00011a76      0x628 build/heap_4.o
 .debug_line    0x0001209e      0x59e build/port.o
 .debug_line    0x0001263c     0x348b build/stm32f4xx_hal_uart.o
 .debug_line    0x00015ac7       0x73 build/startup_stm32f407xx.o
 .debug_line    0x00015b3a      0x11e /usr/lib/gcc/arm-none-eabi/13.2.1/../../../arm-none-eabi/lib/thumb/v7e-m+fp/hard/libc_nano.a(libc_a-init.o)
 .debug_line    0x00015c58      0x1b6 /usr/lib/gcc/arm-none-eabi/13.2.1/../../../arm-none-eabi/lib/thumb/v7e-m+fp/hard/libc_nano.a(libc_a-memset.o)
 .debug_line    0x00015e0e       0xb9 /usr/lib/gcc/arm-none-eabi/13.2.1/../../../arm-none-eabi/lib/thumb/v7e-m+fp/hard/libc_nano.a(libc_a-memcpy.o)
 .debug_line    0x00015ec7       0x4e /usr/lib/gcc/arm-none-eabi/13.2.1/thumb/v7e-m+fp/hard/libgcc.a(_aeabi_uldivmod.o)
 .debug_line    0x00015f15      0x574 /usr/lib/gcc/arm-none-eabi/13.2.1/thumb/v7e-m+fp/hard/libgcc.a(_udivmoddi4.o)
 .debug_line    0x00016489       0x4a /usr/lib/gcc/arm-none-eabi/13.2.1/thumb/v7e-m+fp/hard/libgcc.a(_dvmd_tls.o)

.debug_str      0x00000000     0x77c5
 .debug_str     0x00000000     0x77c5 build/main.o
                                0xa91 (size before relaxing)
 .debug_str     0x000077c5      0x9be build/stm32f4xx_it.o
 .debug_str     0x000077c5      0x7b6 build/stm32f4xx_hal_msp.o
 .debug_str     0x000077c5      0x6d4 build/stm32f4xx_hal_rcc.o
 .debug_str     0x000077c5      0x4b9 build/stm32f4xx_hal_gpio.o
 .debug_str     0x000077c5      0x75a build/stm32f4xx_hal_dma.o
 .debug_str     0x000077c5      0xc4f build/stm32f4xx_hal_cortex.o
 .debug_str     0x000077c5      0xb52 build/stm32f4xx_hal.o
 .debug_str     0x000077c5      0x359 build/system_stm32f4xx.o
 .debug_str     0x000077c5      0x87d build/gpio.o
 .debug_str     0x000077c5      0x738 build/freertos.o
 .debug_str     0x000077c5      0xd43 build/usart.o
 .debug_str     0x000077c5      0xe5a build/stm32f4xx_hal_timebase_tim.o
 .debug_str     0x000077c5     0x16e2 build/stm32f4xx_hal_tim.o
 .debug_str     0x000077c5      0xeee build/stm32f4xx_hal_tim_ex.o
 .debug_str     0x000077c5      0x2f0 build/list.o
 .debug_str     0x000077c5      0xcf3 build/queue.o
 .debug_str     0x000077c5     0x1309 build/tasks.o
 .debug_str     0x000077c5      0xc2c build/timers.o
 .debug_str     0x000077c5     0x21dd build/cmsis_os2.o
 .debug_str     0x000077c5      0x4ff build/heap_4.o
 .debug_str     0x000077c5      0x466 build/port.o
 .debug_str     0x000077c5      0xd69 build/stm32f4xx_hal_uart.o
 .debug_str     0x000077c5       0x79 build/startup_stm32f407xx.o
 .debug_str     0x000077c5      0x1fa /usr/lib/gcc/arm-none-eabi/13.2.1/../../../arm-none-eabi/lib/thumb/v7e-m+fp/hard/libc_nano.a(libc_a-init.o)
 .debug_str     0x000077c5      0x1ad /usr/lib/gcc/arm-none-eabi/13.2.1/../../../arm-none-eabi/lib/thumb/v7e-m+fp/hard/libc_nano.a(libc_a-memset.o)
 .debug_str     0x000077c5       0xac /usr/lib/gcc/arm-none-eabi/13.2.1/../../../arm-none-eabi/lib/thumb/v7e-m+fp/hard/libc_nano.a(libc_a-memcpy.o)
 .debug_str     0x000077c5       0xa3 /usr/lib/gcc/arm-none-eabi/13.2.1/thumb/v7e-m+fp/hard/libgcc.a(_aeabi_uldivmod.o)
 .debug_str     0x000077c5      0x685 /usr/lib/gcc/arm-none-eabi/13.2.1/thumb/v7e-m+fp/hard/libgcc.a(_udivmoddi4.o)
 .debug_str     0x000077c5       0xc3 /usr/lib/gcc/arm-none-eabi/13.2.1/thumb/v7e-m+fp/hard/libgcc.a(_dvmd_tls.o)

.debug_frame    0x00000000     0x39cc
 .debug_frame   0x00000000       0x70 build/main.o
 .debug_frame   0x00000070       0xd0 build/stm32f4xx_it.o
 .debug_frame   0x00000140       0x2c build/stm32f4xx_hal_msp.o
 .debug_frame   0x0000016c      0x16c build/stm32f4xx_hal_rcc.o
 .debug_frame   0x000002d8       0xd8 build/stm32f4xx_hal_gpio.o
 .debug_frame   0x000003b0      0x188 build/stm32f4xx_hal_dma.o
 .debug_frame   0x00000538      0x214 build/stm32f4xx_hal_cortex.o
 .debug_frame   0x0000074c      0x1ec build/stm32f4xx_hal.o
 .debug_frame   0x00000938       0x30 build/system_stm32f4xx.o
 .debug_frame   0x00000968       0x34 build/gpio.o
 .debug_frame   0x0000099c       0x50 build/freertos.o
 .debug_frame   0x000009ec       0x60 build/usart.o
 .debug_frame   0x00000a4c       0x54 build/stm32f4xx_hal_timebase_tim.o
 .debug_frame   0x00000aa0      0xb10 build/stm32f4xx_hal_tim.o
 .debug_frame   0x000015b0      0x418 build/stm32f4xx_hal_tim_ex.o
 .debug_frame   0x000019c8       0x70 build/list.o
 .debug_frame   0x00001a38      0x458 build/queue.o
 .debug_frame   0x00001e90      0x68c build/tasks.o
 .debug_frame   0x0000251c      0x30c build/timers.o
 .debug_frame   0x00002828      0x92c build/cmsis_os2.o
 .debug_frame   0x00003154       0xd0 build/heap_4.o
 .debug_frame   0x00003224      0x110 build/port.o
 .debug_frame   0x00003334      0x5e0 build/stm32f4xx_hal_uart.o
 .debug_frame   0x00003914       0x2c /usr/lib/gcc/arm-none-eabi/13.2.1/../../../arm-none-eabi/lib/thumb/v7e-m+fp/hard/libc_nano.a(libc_a-init.o)
 .debug_frame   0x00003940       0x2c /usr/lib/gcc/arm-none-eabi/13.2.1/../../../arm-none-eabi/lib/thumb/v7e-m+fp/hard/libc_nano.a(libc_a-memset.o)
 .debug_frame   0x0000396c       0x2c /usr/lib/gcc/arm-none-eabi/13.2.1/thumb/v7e-m+fp/hard/libgcc.a(_aeabi_uldivmod.o)
 .debug_frame   0x00003998       0x34 /usr/lib/gcc/arm-none-eabi/13.2.1/thumb/v7e-m+fp/hard/libgcc.a(_udivmoddi4.o)

.debug_loclists
                0x00000000      0xc0b
 .debug_loclists
                0x00000000       0x65 /usr/lib/gcc/arm-none-eabi/13.2.1/../../../arm-none-eabi/lib/thumb/v7e-m+fp/hard/libc_nano.a(libc_a-init.o)
 .debug_loclists
                0x00000065      0x1c2 /usr/lib/gcc/arm-none-eabi/13.2.1/../../../arm-none-eabi/lib/thumb/v7e-m+fp/hard/libc_nano.a(libc_a-memset.o)
 .debug_loclists
                0x00000227      0x9e4 /usr/lib/gcc/arm-none-eabi/13.2.1/thumb/v7e-m+fp/hard/libgcc.a(_udivmoddi4.o)

.debug_line_str
                0x00000000      0x13c
 .debug_line_str
                0x00000000      0x13c /usr/lib/gcc/arm-none-eabi/13.2.1/../../../arm-none-eabi/lib/thumb/v7e-m+fp/hard/libc_nano.a(libc_a-memcpy.o)
                                 0x99 (size before relaxing)
 .debug_line_str
                0x0000013c       0x97 /usr/lib/gcc/arm-none-eabi/13.2.1/thumb/v7e-m+fp/hard/libgcc.a(_aeabi_uldivmod.o)
 .debug_line_str
                0x0000013c       0x9b /usr/lib/gcc/arm-none-eabi/13.2.1/thumb/v7e-m+fp/hard/libgcc.a(_dvmd_tls.o)

.debug_rnglists
                0x00000000       0x84
 .debug_rnglists
                0x00000000       0x84 /usr/lib/gcc/arm-none-eabi/13.2.1/thumb/v7e-m+fp/hard/libgcc.a(_udivmoddi4.o)

Cross Reference Table

Symbol                                            File
ADC_IRQHandler                                    build/startup_stm32f407xx.o
AHBPrescTable                                     build/system_stm32f4xx.o
                                                  build/stm32f4xx_hal_rcc.o
APBPrescTable                                     build/system_stm32f4xx.o
                                                  build/stm32f4xx_hal_rcc.o
BusFault_Handler                                  build/stm32f4xx_it.o
CAN1_RX0_IRQHandler                               build/startup_stm32f407xx.o
CAN1_RX1_IRQHandler                               build/startup_stm32f407xx.o
CAN1_SCE_IRQHandler                               build/startup_stm32f407xx.o
CAN1_TX_IRQHandler                                build/startup_stm32f407xx.o
CAN2_RX0_IRQHandler                               build/startup_stm32f407xx.o
CAN2_RX1_IRQHandler                               build/startup_stm32f407xx.o
CAN2_SCE_IRQHandler                               build/startup_stm32f407xx.o
CAN2_TX_IRQHandler                                build/startup_stm32f407xx.o
DCMI_IRQHandler                                   build/startup_stm32f407xx.o
DMA1_Stream0_IRQHandler                           build/startup_stm32f407xx.o
DMA1_Stream1_IRQHandler                           build/startup_stm32f407xx.o
DMA1_Stream2_IRQHandler                           build/startup_stm32f407xx.o
DMA1_Stream3_IRQHandler                           build/startup_stm32f407xx.o
DMA1_Stream4_IRQHandler                           build/startup_stm32f407xx.o
DMA1_Stream5_IRQHandler                           build/startup_stm32f407xx.o
DMA1_Stream6_IRQHandler                           build/startup_stm32f407xx.o
DMA1_Stream7_IRQHandler                           build/startup_stm32f407xx.o
DMA2_Stream0_IRQHandler                           build/startup_stm32f407xx.o
DMA2_Stream1_IRQHandler                           build/startup_stm32f407xx.o
DMA2_Stream2_IRQHandler                           build/startup_stm32f407xx.o
DMA2_Stream3_IRQHandler                           build/startup_stm32f407xx.o
DMA2_Stream4_IRQHandler                           build/startup_stm32f407xx.o
DMA2_Stream5_IRQHandler                           build/startup_stm32f407xx.o
DMA2_Stream6_IRQHandler                           build/startup_stm32f407xx.o
DMA2_Stream7_IRQHandler                           build/startup_stm32f407xx.o
DebugMon_Handler                                  build/stm32f4xx_it.o
Default_Handler                                   build/startup_stm32f407xx.o
ETH_IRQHandler                                    build/startup_stm32f407xx.o
ETH_WKUP_IRQHandler                               build/startup_stm32f407xx.o
EXTI0_IRQHandler                                  build/startup_stm32f407xx.o
EXTI15_10_IRQHandler                              build/startup_stm32f407xx.o
EXTI1_IRQHandler                                  build/startup_stm32f407xx.o
EXTI2_IRQHandler                                  build/startup_stm32f407xx.o
EXTI3_IRQHandler                                  build/stm32f4xx_it.o
EXTI4_IRQHandler                                  build/stm32f4xx_it.o
EXTI9_5_IRQHandler                                build/startup_stm32f407xx.o
Error_Handler                                     build/main.o
                                                  build/usart.o
FLASH_Erase_Sector                                build/stm32f4xx_hal_flash_ex.o
                                                  build/stm32f4xx_hal_flash.o
FLASH_FlushCaches                                 build/stm32f4xx_hal_flash_ex.o
                                                  build/stm32f4xx_hal_flash.o
FLASH_IRQHandler                                  build/startup_stm32f407xx.o
FLASH_WaitForLastOperation                        build/stm32f4xx_hal_flash.o
                                                  build/stm32f4xx_hal_flash_ex.o
FPU_IRQHandler                                    build/startup_stm32f407xx.o
FSMC_IRQHandler                                   build/startup_stm32f407xx.o
HAL_CORTEX_ClearEvent                             build/stm32f4xx_hal_cortex.o
HAL_DBGMCU_DisableDBGSleepMode                    build/stm32f4xx_hal.o
HAL_DBGMCU_DisableDBGStandbyMode                  build/stm32f4xx_hal.o
HAL_DBGMCU_DisableDBGStopMode                     build/stm32f4xx_hal.o
HAL_DBGMCU_EnableDBGSleepMode                     build/stm32f4xx_hal.o
HAL_DBGMCU_EnableDBGStandbyMode                   build/stm32f4xx_hal.o
HAL_DBGMCU_EnableDBGStopMode                      build/stm32f4xx_hal.o
HAL_DMAEx_ChangeMemory                            build/stm32f4xx_hal_dma_ex.o
HAL_DMAEx_MultiBufferStart                        build/stm32f4xx_hal_dma_ex.o
HAL_DMAEx_MultiBufferStart_IT                     build/stm32f4xx_hal_dma_ex.o
HAL_DMA_Abort                                     build/stm32f4xx_hal_dma.o
                                                  build/stm32f4xx_hal_uart.o
HAL_DMA_Abort_IT                                  build/stm32f4xx_hal_dma.o
                                                  build/stm32f4xx_hal_uart.o
                                                  build/stm32f4xx_hal_tim_ex.o
                                                  build/stm32f4xx_hal_tim.o
HAL_DMA_DeInit                                    build/stm32f4xx_hal_dma.o
HAL_DMA_GetError                                  build/stm32f4xx_hal_dma.o
                                                  build/stm32f4xx_hal_uart.o
HAL_DMA_GetState                                  build/stm32f4xx_hal_dma.o
HAL_DMA_IRQHandler                                build/stm32f4xx_hal_dma.o
HAL_DMA_Init                                      build/stm32f4xx_hal_dma.o
HAL_DMA_PollForTransfer                           build/stm32f4xx_hal_dma.o
HAL_DMA_RegisterCallback                          build/stm32f4xx_hal_dma.o
HAL_DMA_Start                                     build/stm32f4xx_hal_dma.o
HAL_DMA_Start_IT                                  build/stm32f4xx_hal_dma.o
                                                  build/stm32f4xx_hal_uart.o
                                                  build/stm32f4xx_hal_tim_ex.o
                                                  build/stm32f4xx_hal_tim.o
HAL_DMA_UnRegisterCallback                        build/stm32f4xx_hal_dma.o
HAL_DeInit                                        build/stm32f4xx_hal.o
HAL_Delay                                         build/stm32f4xx_hal.o
HAL_DisableCompensationCell                       build/stm32f4xx_hal.o
HAL_EXTI_ClearConfigLine                          build/stm32f4xx_hal_exti.o
HAL_EXTI_ClearPending                             build/stm32f4xx_hal_exti.o
HAL_EXTI_GenerateSWI                              build/stm32f4xx_hal_exti.o
HAL_EXTI_GetConfigLine                            build/stm32f4xx_hal_exti.o
HAL_EXTI_GetHandle                                build/stm32f4xx_hal_exti.o
HAL_EXTI_GetPending                               build/stm32f4xx_hal_exti.o
HAL_EXTI_IRQHandler                               build/stm32f4xx_hal_exti.o
HAL_EXTI_RegisterCallback                         build/stm32f4xx_hal_exti.o
HAL_EXTI_SetConfigLine                            build/stm32f4xx_hal_exti.o
HAL_EnableCompensationCell                        build/stm32f4xx_hal.o
HAL_FLASHEx_Erase                                 build/stm32f4xx_hal_flash_ex.o
HAL_FLASHEx_Erase_IT                              build/stm32f4xx_hal_flash_ex.o
HAL_FLASHEx_OBGetConfig                           build/stm32f4xx_hal_flash_ex.o
HAL_FLASHEx_OBProgram                             build/stm32f4xx_hal_flash_ex.o
HAL_FLASH_EndOfOperationCallback                  build/stm32f4xx_hal_flash.o
HAL_FLASH_GetError                                build/stm32f4xx_hal_flash.o
HAL_FLASH_IRQHandler                              build/stm32f4xx_hal_flash.o
HAL_FLASH_Lock                                    build/stm32f4xx_hal_flash.o
HAL_FLASH_OB_Launch                               build/stm32f4xx_hal_flash.o
HAL_FLASH_OB_Lock                                 build/stm32f4xx_hal_flash.o
HAL_FLASH_OB_Unlock                               build/stm32f4xx_hal_flash.o
HAL_FLASH_OperationErrorCallback                  build/stm32f4xx_hal_flash.o
HAL_FLASH_Program                                 build/stm32f4xx_hal_flash.o
HAL_FLASH_Program_IT                              build/stm32f4xx_hal_flash.o
HAL_FLASH_Unlock                                  build/stm32f4xx_hal_flash.o
HAL_GPIO_DeInit                                   build/stm32f4xx_hal_gpio.o
                                                  build/usart.o
HAL_GPIO_EXTI_Callback                            build/stm32f4xx_hal_gpio.o
HAL_GPIO_EXTI_IRQHandler                          build/stm32f4xx_hal_gpio.o
                                                  build/stm32f4xx_it.o
HAL_GPIO_Init                                     build/stm32f4xx_hal_gpio.o
                                                  build/usart.o
                                                  build/gpio.o
                                                  build/stm32f4xx_hal_rcc.o
HAL_GPIO_LockPin                                  build/stm32f4xx_hal_gpio.o
HAL_GPIO_ReadPin                                  build/stm32f4xx_hal_gpio.o
HAL_GPIO_TogglePin                                build/stm32f4xx_hal_gpio.o
HAL_GPIO_WritePin                                 build/stm32f4xx_hal_gpio.o
                                                  build/gpio.o
HAL_GetDEVID                                      build/stm32f4xx_hal.o
HAL_GetHalVersion                                 build/stm32f4xx_hal.o
HAL_GetREVID                                      build/stm32f4xx_hal.o
HAL_GetTick                                       build/stm32f4xx_hal.o
                                                  build/stm32f4xx_hal_uart.o
                                                  build/stm32f4xx_hal_pwr_ex.o
                                                  build/stm32f4xx_hal_dma.o
                                                  build/stm32f4xx_hal_flash.o
                                                  build/stm32f4xx_hal_rcc_ex.o
                                                  build/stm32f4xx_hal_rcc.o
HAL_GetTickFreq                                   build/stm32f4xx_hal.o
HAL_GetTickPrio                                   build/stm32f4xx_hal.o
HAL_GetUIDw0                                      build/stm32f4xx_hal.o
HAL_GetUIDw1                                      build/stm32f4xx_hal.o
HAL_GetUIDw2                                      build/stm32f4xx_hal.o
HAL_HalfDuplex_EnableReceiver                     build/stm32f4xx_hal_uart.o
HAL_HalfDuplex_EnableTransmitter                  build/stm32f4xx_hal_uart.o
HAL_HalfDuplex_Init                               build/stm32f4xx_hal_uart.o
HAL_IncTick                                       build/stm32f4xx_hal.o
                                                  build/main.o
HAL_Init                                          build/stm32f4xx_hal.o
                                                  build/main.o
HAL_InitTick                                      build/stm32f4xx_hal_timebase_tim.o
                                                  build/stm32f4xx_hal.o
                                                  build/stm32f4xx_hal_rcc_ex.o
                                                  build/stm32f4xx_hal_rcc.o
HAL_LIN_Init                                      build/stm32f4xx_hal_uart.o
HAL_LIN_SendBreak                                 build/stm32f4xx_hal_uart.o
HAL_MPU_ConfigRegion                              build/stm32f4xx_hal_cortex.o
HAL_MPU_Disable                                   build/stm32f4xx_hal_cortex.o
HAL_MPU_DisableRegion                             build/stm32f4xx_hal_cortex.o
HAL_MPU_Enable                                    build/stm32f4xx_hal_cortex.o
HAL_MPU_EnableRegion                              build/stm32f4xx_hal_cortex.o
HAL_MspDeInit                                     build/stm32f4xx_hal.o
HAL_MspInit                                       build/stm32f4xx_hal_msp.o
HAL_MultiProcessor_EnterMuteMode                  build/stm32f4xx_hal_uart.o
HAL_MultiProcessor_ExitMuteMode                   build/stm32f4xx_hal_uart.o
HAL_MultiProcessor_Init                           build/stm32f4xx_hal_uart.o
HAL_NVIC_ClearPendingIRQ                          build/stm32f4xx_hal_cortex.o
HAL_NVIC_DisableIRQ                               build/stm32f4xx_hal_cortex.o
                                                  build/usart.o
HAL_NVIC_EnableIRQ                                build/stm32f4xx_hal_cortex.o
                                                  build/stm32f4xx_hal_timebase_tim.o
                                                  build/usart.o
                                                  build/gpio.o
HAL_NVIC_GetActive                                build/stm32f4xx_hal_cortex.o
HAL_NVIC_GetPendingIRQ                            build/stm32f4xx_hal_cortex.o
HAL_NVIC_GetPriority                              build/stm32f4xx_hal_cortex.o
HAL_NVIC_GetPriorityGrouping                      build/stm32f4xx_hal_cortex.o
HAL_NVIC_SetPendingIRQ                            build/stm32f4xx_hal_cortex.o
HAL_NVIC_SetPriority                              build/stm32f4xx_hal_cortex.o
                                                  build/stm32f4xx_hal_timebase_tim.o
                                                  build/usart.o
                                                  build/gpio.o
                                                  build/stm32f4xx_hal.o
                                                  build/stm32f4xx_hal_msp.o
HAL_NVIC_SetPriorityGrouping                      build/stm32f4xx_hal_cortex.o
                                                  build/stm32f4xx_hal.o
HAL_NVIC_SystemReset                              build/stm32f4xx_hal_cortex.o
HAL_PWREx_ControlVoltageScaling                   build/stm32f4xx_hal_pwr_ex.o
HAL_PWREx_DisableBkUpReg                          build/stm32f4xx_hal_pwr_ex.o
HAL_PWREx_DisableFlashPowerDown                   build/stm32f4xx_hal_pwr_ex.o
HAL_PWREx_EnableBkUpReg                           build/stm32f4xx_hal_pwr_ex.o
HAL_PWREx_EnableFlashPowerDown                    build/stm32f4xx_hal_pwr_ex.o
HAL_PWREx_GetVoltageRange                         build/stm32f4xx_hal_pwr_ex.o
HAL_PWR_ConfigPVD                                 build/stm32f4xx_hal_pwr.o
HAL_PWR_DeInit                                    build/stm32f4xx_hal_pwr.o
HAL_PWR_DisableBkUpAccess                         build/stm32f4xx_hal_pwr.o
HAL_PWR_DisablePVD                                build/stm32f4xx_hal_pwr.o
HAL_PWR_DisableSEVOnPend                          build/stm32f4xx_hal_pwr.o
HAL_PWR_DisableSleepOnExit                        build/stm32f4xx_hal_pwr.o
HAL_PWR_DisableWakeUpPin                          build/stm32f4xx_hal_pwr.o
HAL_PWR_EnableBkUpAccess                          build/stm32f4xx_hal_pwr.o
HAL_PWR_EnablePVD                                 build/stm32f4xx_hal_pwr.o
HAL_PWR_EnableSEVOnPend                           build/stm32f4xx_hal_pwr.o
HAL_PWR_EnableSleepOnExit                         build/stm32f4xx_hal_pwr.o
HAL_PWR_EnableWakeUpPin                           build/stm32f4xx_hal_pwr.o
HAL_PWR_EnterSLEEPMode                            build/stm32f4xx_hal_pwr.o
HAL_PWR_EnterSTANDBYMode                          build/stm32f4xx_hal_pwr.o
HAL_PWR_EnterSTOPMode                             build/stm32f4xx_hal_pwr.o
HAL_PWR_PVDCallback                               build/stm32f4xx_hal_pwr.o
HAL_PWR_PVD_IRQHandler                            build/stm32f4xx_hal_pwr.o
HAL_RCCEx_DisablePLLI2S                           build/stm32f4xx_hal_rcc_ex.o
HAL_RCCEx_EnablePLLI2S                            build/stm32f4xx_hal_rcc_ex.o
HAL_RCCEx_GetPeriphCLKConfig                      build/stm32f4xx_hal_rcc_ex.o
HAL_RCCEx_GetPeriphCLKFreq                        build/stm32f4xx_hal_rcc_ex.o
HAL_RCCEx_PeriphCLKConfig                         build/stm32f4xx_hal_rcc_ex.o
HAL_RCC_CSSCallback                               build/stm32f4xx_hal_rcc.o
HAL_RCC_ClockConfig                               build/stm32f4xx_hal_rcc.o
                                                  build/main.o
HAL_RCC_DeInit                                    build/stm32f4xx_hal_rcc_ex.o
                                                  build/stm32f4xx_hal_rcc.o
HAL_RCC_DisableCSS                                build/stm32f4xx_hal_rcc.o
HAL_RCC_EnableCSS                                 build/stm32f4xx_hal_rcc.o
HAL_RCC_GetClockConfig                            build/stm32f4xx_hal_rcc.o
                                                  build/stm32f4xx_hal_timebase_tim.o
HAL_RCC_GetHCLKFreq                               build/stm32f4xx_hal_rcc.o
HAL_RCC_GetOscConfig                              build/stm32f4xx_hal_rcc.o
HAL_RCC_GetPCLK1Freq                              build/stm32f4xx_hal_rcc.o
                                                  build/stm32f4xx_hal_uart.o
                                                  build/stm32f4xx_hal_timebase_tim.o
HAL_RCC_GetPCLK2Freq                              build/stm32f4xx_hal_rcc.o
                                                  build/stm32f4xx_hal_uart.o
HAL_RCC_GetSysClockFreq                           build/stm32f4xx_hal_rcc.o
HAL_RCC_MCOConfig                                 build/stm32f4xx_hal_rcc.o
HAL_RCC_NMI_IRQHandler                            build/stm32f4xx_hal_rcc.o
HAL_RCC_OscConfig                                 build/stm32f4xx_hal_rcc.o
                                                  build/main.o
HAL_ResumeTick                                    build/stm32f4xx_hal_timebase_tim.o
                                                  build/stm32f4xx_hal.o
HAL_SYSTICK_CLKSourceConfig                       build/stm32f4xx_hal_cortex.o
HAL_SYSTICK_Callback                              build/stm32f4xx_hal_cortex.o
HAL_SYSTICK_Config                                build/stm32f4xx_hal_cortex.o
                                                  build/stm32f4xx_hal.o
HAL_SYSTICK_IRQHandler                            build/stm32f4xx_hal_cortex.o
HAL_SetTickFreq                                   build/stm32f4xx_hal.o
HAL_SuspendTick                                   build/stm32f4xx_hal_timebase_tim.o
                                                  build/stm32f4xx_hal.o
HAL_TIMEx_BreakCallback                           build/stm32f4xx_hal_tim_ex.o
                                                  build/stm32f4xx_hal_tim.o
HAL_TIMEx_CommutCallback                          build/stm32f4xx_hal_tim_ex.o
                                                  build/stm32f4xx_hal_tim.o
HAL_TIMEx_CommutHalfCpltCallback                  build/stm32f4xx_hal_tim_ex.o
HAL_TIMEx_ConfigBreakDeadTime                     build/stm32f4xx_hal_tim_ex.o
HAL_TIMEx_ConfigCommutEvent                       build/stm32f4xx_hal_tim_ex.o
HAL_TIMEx_ConfigCommutEvent_DMA                   build/stm32f4xx_hal_tim_ex.o
HAL_TIMEx_ConfigCommutEvent_IT                    build/stm32f4xx_hal_tim_ex.o
HAL_TIMEx_GetChannelNState                        build/stm32f4xx_hal_tim_ex.o
HAL_TIMEx_HallSensor_DeInit                       build/stm32f4xx_hal_tim_ex.o
HAL_TIMEx_HallSensor_GetState                     build/stm32f4xx_hal_tim_ex.o
HAL_TIMEx_HallSensor_Init                         build/stm32f4xx_hal_tim_ex.o
HAL_TIMEx_HallSensor_MspDeInit                    build/stm32f4xx_hal_tim_ex.o
HAL_TIMEx_HallSensor_MspInit                      build/stm32f4xx_hal_tim_ex.o
HAL_TIMEx_HallSensor_Start                        build/stm32f4xx_hal_tim_ex.o
HAL_TIMEx_HallSensor_Start_DMA                    build/stm32f4xx_hal_tim_ex.o
HAL_TIMEx_HallSensor_Start_IT                     build/stm32f4xx_hal_tim_ex.o
HAL_TIMEx_HallSensor_Stop                         build/stm32f4xx_hal_tim_ex.o
HAL_TIMEx_HallSensor_Stop_DMA                     build/stm32f4xx_hal_tim_ex.o
HAL_TIMEx_HallSensor_Stop_IT                      build/stm32f4xx_hal_tim_ex.o
HAL_TIMEx_MasterConfigSynchronization             build/stm32f4xx_hal_tim_ex.o
HAL_TIMEx_OCN_Start                               build/stm32f4xx_hal_tim_ex.o
HAL_TIMEx_OCN_Start_DMA                           build/stm32f4xx_hal_tim_ex.o
HAL_TIMEx_OCN_Start_IT                            build/stm32f4xx_hal_tim_ex.o
HAL_TIMEx_OCN_Stop                                build/stm32f4xx_hal_tim_ex.o
HAL_TIMEx_OCN_Stop_DMA                            build/stm32f4xx_hal_tim_ex.o
HAL_TIMEx_OCN_Stop_IT                             build/stm32f4xx_hal_tim_ex.o
HAL_TIMEx_OnePulseN_Start                         build/stm32f4xx_hal_tim_ex.o
HAL_TIMEx_OnePulseN_Start_IT                      build/stm32f4xx_hal_tim_ex.o
HAL_TIMEx_OnePulseN_Stop                          build/stm32f4xx_hal_tim_ex.o
HAL_TIMEx_OnePulseN_Stop_IT                       build/stm32f4xx_hal_tim_ex.o
HAL_TIMEx_PWMN_Start                              build/stm32f4xx_hal_tim_ex.o
HAL_TIMEx_PWMN_Start_DMA                          build/stm32f4xx_hal_tim_ex.o
HAL_TIMEx_PWMN_Start_IT                           build/stm32f4xx_hal_tim_ex.o
HAL_TIMEx_PWMN_Stop                               build/stm32f4xx_hal_tim_ex.o
HAL_TIMEx_PWMN_Stop_DMA                           build/stm32f4xx_hal_tim_ex.o
HAL_TIMEx_PWMN_Stop_IT                            build/stm32f4xx_hal_tim_ex.o
HAL_TIMEx_RemapConfig                             build/stm32f4xx_hal_tim_ex.o
HAL_TIM_Base_DeInit                               build/stm32f4xx_hal_tim.o
HAL_TIM_Base_GetState                             build/stm32f4xx_hal_tim.o
HAL_TIM_Base_Init                                 build/stm32f4xx_hal_tim.o
                                                  build/stm32f4xx_hal_timebase_tim.o
HAL_TIM_Base_MspDeInit                            build/stm32f4xx_hal_tim.o
HAL_TIM_Base_MspInit                              build/stm32f4xx_hal_tim.o
HAL_TIM_Base_Start                                build/stm32f4xx_hal_tim.o
HAL_TIM_Base_Start_DMA                            build/stm32f4xx_hal_tim.o
HAL_TIM_Base_Start_IT                             build/stm32f4xx_hal_tim.o
                                                  build/stm32f4xx_hal_timebase_tim.o
HAL_TIM_Base_Stop                                 build/stm32f4xx_hal_tim.o
HAL_TIM_Base_Stop_DMA                             build/stm32f4xx_hal_tim.o
HAL_TIM_Base_Stop_IT                              build/stm32f4xx_hal_tim.o
HAL_TIM_ConfigClockSource                         build/stm32f4xx_hal_tim.o
HAL_TIM_ConfigOCrefClear                          build/stm32f4xx_hal_tim.o
HAL_TIM_ConfigTI1Input                            build/stm32f4xx_hal_tim.o
HAL_TIM_DMABurstState                             build/stm32f4xx_hal_tim.o
HAL_TIM_DMABurst_MultiReadStart                   build/stm32f4xx_hal_tim.o
HAL_TIM_DMABurst_MultiWriteStart                  build/stm32f4xx_hal_tim.o
HAL_TIM_DMABurst_ReadStart                        build/stm32f4xx_hal_tim.o
HAL_TIM_DMABurst_ReadStop                         build/stm32f4xx_hal_tim.o
HAL_TIM_DMABurst_WriteStart                       build/stm32f4xx_hal_tim.o
HAL_TIM_DMABurst_WriteStop                        build/stm32f4xx_hal_tim.o
HAL_TIM_Encoder_DeInit                            build/stm32f4xx_hal_tim.o
HAL_TIM_Encoder_GetState                          build/stm32f4xx_hal_tim.o
HAL_TIM_Encoder_Init                              build/stm32f4xx_hal_tim.o
HAL_TIM_Encoder_MspDeInit                         build/stm32f4xx_hal_tim.o
HAL_TIM_Encoder_MspInit                           build/stm32f4xx_hal_tim.o
HAL_TIM_Encoder_Start                             build/stm32f4xx_hal_tim.o
HAL_TIM_Encoder_Start_DMA                         build/stm32f4xx_hal_tim.o
HAL_TIM_Encoder_Start_IT                          build/stm32f4xx_hal_tim.o
HAL_TIM_Encoder_Stop                              build/stm32f4xx_hal_tim.o
HAL_TIM_Encoder_Stop_DMA                          build/stm32f4xx_hal_tim.o
HAL_TIM_Encoder_Stop_IT                           build/stm32f4xx_hal_tim.o
HAL_TIM_ErrorCallback                             build/stm32f4xx_hal_tim.o
                                                  build/stm32f4xx_hal_tim_ex.o
HAL_TIM_GenerateEvent                             build/stm32f4xx_hal_tim.o
HAL_TIM_GetActiveChannel                          build/stm32f4xx_hal_tim.o
HAL_TIM_GetChannelState                           build/stm32f4xx_hal_tim.o
HAL_TIM_IC_CaptureCallback                        build/stm32f4xx_hal_tim.o
HAL_TIM_IC_CaptureHalfCpltCallback                build/stm32f4xx_hal_tim.o
HAL_TIM_IC_ConfigChannel                          build/stm32f4xx_hal_tim.o
HAL_TIM_IC_DeInit                                 build/stm32f4xx_hal_tim.o
HAL_TIM_IC_GetState                               build/stm32f4xx_hal_tim.o
HAL_TIM_IC_Init                                   build/stm32f4xx_hal_tim.o
HAL_TIM_IC_MspDeInit                              build/stm32f4xx_hal_tim.o
HAL_TIM_IC_MspInit                                build/stm32f4xx_hal_tim.o
HAL_TIM_IC_Start                                  build/stm32f4xx_hal_tim.o
HAL_TIM_IC_Start_DMA                              build/stm32f4xx_hal_tim.o
HAL_TIM_IC_Start_IT                               build/stm32f4xx_hal_tim.o
HAL_TIM_IC_Stop                                   build/stm32f4xx_hal_tim.o
HAL_TIM_IC_Stop_DMA                               build/stm32f4xx_hal_tim.o
HAL_TIM_IC_Stop_IT                                build/stm32f4xx_hal_tim.o
HAL_TIM_IRQHandler                                build/stm32f4xx_hal_tim.o
                                                  build/stm32f4xx_it.o
HAL_TIM_OC_ConfigChannel                          build/stm32f4xx_hal_tim.o
HAL_TIM_OC_DeInit                                 build/stm32f4xx_hal_tim.o
HAL_TIM_OC_DelayElapsedCallback                   build/stm32f4xx_hal_tim.o
HAL_TIM_OC_GetState                               build/stm32f4xx_hal_tim.o
HAL_TIM_OC_Init                                   build/stm32f4xx_hal_tim.o
HAL_TIM_OC_MspDeInit                              build/stm32f4xx_hal_tim.o
HAL_TIM_OC_MspInit                                build/stm32f4xx_hal_tim.o
HAL_TIM_OC_Start                                  build/stm32f4xx_hal_tim.o
HAL_TIM_OC_Start_DMA                              build/stm32f4xx_hal_tim.o
HAL_TIM_OC_Start_IT                               build/stm32f4xx_hal_tim.o
HAL_TIM_OC_Stop                                   build/stm32f4xx_hal_tim.o
HAL_TIM_OC_Stop_DMA                               build/stm32f4xx_hal_tim.o
HAL_TIM_OC_Stop_IT                                build/stm32f4xx_hal_tim.o
HAL_TIM_OnePulse_ConfigChannel                    build/stm32f4xx_hal_tim.o
HAL_TIM_OnePulse_DeInit                           build/stm32f4xx_hal_tim.o
HAL_TIM_OnePulse_GetState                         build/stm32f4xx_hal_tim.o
HAL_TIM_OnePulse_Init                             build/stm32f4xx_hal_tim.o
HAL_TIM_OnePulse_MspDeInit                        build/stm32f4xx_hal_tim.o
HAL_TIM_OnePulse_MspInit                          build/stm32f4xx_hal_tim.o
HAL_TIM_OnePulse_Start                            build/stm32f4xx_hal_tim.o
HAL_TIM_OnePulse_Start_IT                         build/stm32f4xx_hal_tim.o
HAL_TIM_OnePulse_Stop                             build/stm32f4xx_hal_tim.o
HAL_TIM_OnePulse_Stop_IT                          build/stm32f4xx_hal_tim.o
HAL_TIM_PWM_ConfigChannel                         build/stm32f4xx_hal_tim.o
HAL_TIM_PWM_DeInit                                build/stm32f4xx_hal_tim.o
HAL_TIM_PWM_GetState                              build/stm32f4xx_hal_tim.o
HAL_TIM_PWM_Init                                  build/stm32f4xx_hal_tim.o
HAL_TIM_PWM_MspDeInit                             build/stm32f4xx_hal_tim.o
HAL_TIM_PWM_MspInit                               build/stm32f4xx_hal_tim.o
HAL_TIM_PWM_PulseFinishedCallback                 build/stm32f4xx_hal_tim.o
                                                  build/stm32f4xx_hal_tim_ex.o
HAL_TIM_PWM_PulseFinishedHalfCpltCallback         build/stm32f4xx_hal_tim.o
HAL_TIM_PWM_Start                                 build/stm32f4xx_hal_tim.o
HAL_TIM_PWM_Start_DMA                             build/stm32f4xx_hal_tim.o
HAL_TIM_PWM_Start_IT                              build/stm32f4xx_hal_tim.o
HAL_TIM_PWM_Stop                                  build/stm32f4xx_hal_tim.o
HAL_TIM_PWM_Stop_DMA                              build/stm32f4xx_hal_tim.o
HAL_TIM_PWM_Stop_IT                               build/stm32f4xx_hal_tim.o
HAL_TIM_PeriodElapsedCallback                     build/main.o
HAL_TIM_PeriodElapsedHalfCpltCallback             build/stm32f4xx_hal_tim.o
HAL_TIM_ReadCapturedValue                         build/stm32f4xx_hal_tim.o
HAL_TIM_SlaveConfigSynchro                        build/stm32f4xx_hal_tim.o
HAL_TIM_SlaveConfigSynchro_IT                     build/stm32f4xx_hal_tim.o
HAL_TIM_TriggerCallback                           build/stm32f4xx_hal_tim.o
HAL_TIM_TriggerHalfCpltCallback                   build/stm32f4xx_hal_tim.o
HAL_UARTEx_GetRxEventType                         build/stm32f4xx_hal_uart.o
HAL_UARTEx_ReceiveToIdle                          build/stm32f4xx_hal_uart.o
HAL_UARTEx_ReceiveToIdle_DMA                      build/stm32f4xx_hal_uart.o
HAL_UARTEx_ReceiveToIdle_IT                       build/stm32f4xx_hal_uart.o
HAL_UARTEx_RxEventCallback                        build/stm32f4xx_hal_uart.o
HAL_UART_Abort                                    build/stm32f4xx_hal_uart.o
HAL_UART_AbortCpltCallback                        build/stm32f4xx_hal_uart.o
HAL_UART_AbortReceive                             build/stm32f4xx_hal_uart.o
HAL_UART_AbortReceiveCpltCallback                 build/stm32f4xx_hal_uart.o
HAL_UART_AbortReceive_IT                          build/stm32f4xx_hal_uart.o
HAL_UART_AbortTransmit                            build/stm32f4xx_hal_uart.o
HAL_UART_AbortTransmitCpltCallback                build/stm32f4xx_hal_uart.o
HAL_UART_AbortTransmit_IT                         build/stm32f4xx_hal_uart.o
HAL_UART_Abort_IT                                 build/stm32f4xx_hal_uart.o
HAL_UART_DMAPause                                 build/stm32f4xx_hal_uart.o
HAL_UART_DMAResume                                build/stm32f4xx_hal_uart.o
HAL_UART_DMAStop                                  build/stm32f4xx_hal_uart.o
HAL_UART_DeInit                                   build/stm32f4xx_hal_uart.o
HAL_UART_ErrorCallback                            build/stm32f4xx_hal_uart.o
HAL_UART_GetError                                 build/stm32f4xx_hal_uart.o
HAL_UART_GetState                                 build/stm32f4xx_hal_uart.o
HAL_UART_IRQHandler                               build/stm32f4xx_hal_uart.o